Archive member included to satisfy reference by file (symbol)

app/libapp.a(main.c.obj)      (--whole-archive)
app/libapp.a(app.c.obj)       (--whole-archive)
app/libapp.a(app_utils.c.obj)
                              (--whole-archive)
app/libapp.a(mac.c.obj)       (--whole-archive)
app/libapp.a(phy.c.obj)       (--whole-archive)
app/libapp.a(deca_gpio.c.obj)
                              (--whole-archive)
app/libapp.a(deca_mutex.c.obj)
                              (--whole-archive)
app/libapp.a(deca_sleep.c.obj)
                              (--whole-archive)
app/libapp.a(deca_spi.c.obj)  (--whole-archive)
app/libapp.a(deca_probe_interface.c.obj)
                              (--whole-archive)
app/libapp.a(deca_compat.c.obj)
                              (--whole-archive)
app/libapp.a(deca_interface.c.obj)
                              (--whole-archive)
app/libapp.a(deca_rsl.c.obj)  (--whole-archive)
app/libapp.a(deca_device.c.obj)
                              (--whole-archive)
app/libapp.a(qmath.c.obj)     (--whole-archive)
app/libapp.a(led_gpio.c.obj)  (--whole-archive)
zephyr/libzephyr.a(heap.c.obj)
                              (--whole-archive)
zephyr/libzephyr.a(cbprintf_packaged.c.obj)
                              (--whole-archive)
zephyr/libzephyr.a(printk.c.obj)
                              (--whole-archive)
zephyr/libzephyr.a(sem.c.obj)
                              (--whole-archive)
zephyr/libzephyr.a(thread_entry.c.obj)
                              (--whole-archive)
zephyr/libzephyr.a(cbprintf_complete.c.obj)
                              (--whole-archive)
zephyr/libzephyr.a(assert.c.obj)
                              (--whole-archive)
zephyr/libzephyr.a(dec.c.obj)
                              (--whole-archive)
zephyr/libzephyr.a(hex.c.obj)
                              (--whole-archive)
zephyr/libzephyr.a(rb.c.obj)  (--whole-archive)
zephyr/libzephyr.a(timeutil.c.obj)
                              (--whole-archive)
zephyr/libzephyr.a(bitarray.c.obj)
                              (--whole-archive)
zephyr/libzephyr.a(onoff.c.obj)
                              (--whole-archive)
zephyr/libzephyr.a(notify.c.obj)
                              (--whole-archive)
zephyr/libzephyr.a(ring_buffer.c.obj)
                              (--whole-archive)
zephyr/libzephyr.a(configs.c.obj)
                              (--whole-archive)
zephyr/libzephyr.a(log_core.c.obj)
                              (--whole-archive)
zephyr/libzephyr.a(log_mgmt.c.obj)
                              (--whole-archive)
zephyr/libzephyr.a(log_cache.c.obj)
                              (--whole-archive)
zephyr/libzephyr.a(log_msg.c.obj)
                              (--whole-archive)
zephyr/libzephyr.a(log_output.c.obj)
                              (--whole-archive)
zephyr/libzephyr.a(log_backend_rtt.c.obj)
                              (--whole-archive)
zephyr/libzephyr.a(log_backend_uart.c.obj)
                              (--whole-archive)
zephyr/libzephyr.a(mem_attr.c.obj)
                              (--whole-archive)
zephyr/libzephyr.a(tracing_none.c.obj)
                              (--whole-archive)
zephyr/arch/common/libarch__common.a(sw_isr_common.c.obj)
                              (--whole-archive)
zephyr/arch/arch/arm/core/libarch__arm__core.a(fatal.c.obj)
                              (--whole-archive)
zephyr/arch/arch/arm/core/libarch__arm__core.a(nmi.c.obj)
                              (--whole-archive)
zephyr/arch/arch/arm/core/libarch__arm__core.a(nmi_on_reset.S.obj)
                              (--whole-archive)
zephyr/arch/arch/arm/core/libarch__arm__core.a(tls.c.obj)
                              (--whole-archive)
zephyr/arch/arch/arm/core/cortex_m/libarch__arm__core__cortex_m.a(exc_exit.c.obj)
                              (--whole-archive)
zephyr/arch/arch/arm/core/cortex_m/libarch__arm__core__cortex_m.a(fault.c.obj)
                              (--whole-archive)
zephyr/arch/arch/arm/core/cortex_m/libarch__arm__core__cortex_m.a(fault_s.S.obj)
                              (--whole-archive)
zephyr/arch/arch/arm/core/cortex_m/libarch__arm__core__cortex_m.a(fpu.c.obj)
                              (--whole-archive)
zephyr/arch/arch/arm/core/cortex_m/libarch__arm__core__cortex_m.a(reset.S.obj)
                              (--whole-archive)
zephyr/arch/arch/arm/core/cortex_m/libarch__arm__core__cortex_m.a(scb.c.obj)
                              (--whole-archive)
zephyr/arch/arch/arm/core/cortex_m/libarch__arm__core__cortex_m.a(thread_abort.c.obj)
                              (--whole-archive)
zephyr/arch/arch/arm/core/cortex_m/libarch__arm__core__cortex_m.a(vector_table.S.obj)
                              (--whole-archive)
zephyr/arch/arch/arm/core/cortex_m/libarch__arm__core__cortex_m.a(swap_helper.S.obj)
                              (--whole-archive)
zephyr/arch/arch/arm/core/cortex_m/libarch__arm__core__cortex_m.a(irq_manage.c.obj)
                              (--whole-archive)
[...]
Memory Configuration

Name             Origin             Length             Attributes
FLASH            0x0000000000000000 0x0000000000080000 xr
RAM              0x0000000020000000 0x0000000000020000 xw
IDT_LIST         0x00000000ffff7fff 0x0000000000008000 xw
*default*        0x0000000000000000 0xffffffffffffffff

Linker script and memory map

                0x000000000000b510                vfprintf = __l_vfprintf
                0x0000000000000000                vfscanf = __l_vfscanf
LOAD zephyr/CMakeFiles/zephyr_final.dir/misc/empty_file.c.obj
LOAD zephyr/CMakeFiles/zephyr_final.dir/isr_tables.c.obj
LOAD zephyr/CMakeFiles/offsets.dir/./arch/arm/core/offsets/offsets.c.obj
LOAD app/libapp.a
LOAD zephyr/libzephyr.a
LOAD zephyr/arch/common/libarch__common.a
LOAD zephyr/arch/arch/arm/core/libarch__arm__core.a
LOAD zephyr/arch/arch/arm/core/cortex_m/libarch__arm__core__cortex_m.a
LOAD zephyr/arch/arch/arm/core/mpu/libarch__arm__core__mpu.a
LOAD zephyr/lib/libc/picolibc/liblib__libc__picolibc.a
LOAD zephyr/lib/libc/common/liblib__libc__common.a
LOAD zephyr/soc/soc/nrf52833/libsoc__nordic.a
LOAD zephyr/drivers/clock_control/libdrivers__clock_control.a
LOAD zephyr/drivers/console/libdrivers__console.a
LOAD zephyr/drivers/gpio/libdrivers__gpio.a
LOAD zephyr/drivers/pinctrl/libdrivers__pinctrl.a
LOAD zephyr/drivers/serial/libdrivers__serial.a
LOAD zephyr/drivers/spi/libdrivers__spi.a
LOAD zephyr/drivers/timer/libdrivers__timer.a
LOAD modules/hal_nordic/nrfx/libmodules__hal_nordic__nrfx.a
LOAD modules/segger/libmodules__segger.a
LOAD zephyr/kernel/libkernel.a
LOAD zephyr/arch/common/libisr_tables.a
LOAD /home/alberto/zephyr-sdk-0.17.0/arm-zephyr-eabi/bin/../lib/gcc/../../picolibc/arm-zephyr-eabi/lib/thumb/v7e-m/nofp/libc.a
LOAD /home/alberto/zephyr-sdk-0.17.0/arm-zephyr-eabi/bin/../lib/gcc/arm-zephyr-eabi/12.2.0/thumb/v7e-m/nofp/libgcc.a
                0x0000000000000020                _region_min_align = 0x20

.rel.plt        0x0000000000000000        0x0
 *(SORT_BY_ALIGNMENT(.rel.plt))
                [!provide]                        PROVIDE (__rel_iplt_start = .)
 *(SORT_BY_ALIGNMENT(.rel.iplt))
 .rel.iplt      0x0000000000000000        0x0 zephyr/CMakeFiles/zephyr_final.dir/isr_tables.c.obj
                [!provide]                        PROVIDE (__rel_iplt_end = .)

.rela.plt       0x0000000000000000        0x0
 *(SORT_BY_ALIGNMENT(.rela.plt))
                [!provide]                        PROVIDE (__rela_iplt_start = .)
 *(SORT_BY_ALIGNMENT(.rela.iplt))
                [!provide]                        PROVIDE (__rela_iplt_end = .)

.rel.dyn
 *(SORT_BY_ALIGNMENT(.rel.*))

.rela.dyn
 *(SORT_BY_ALIGNMENT(.rela.*))

/DISCARD/
 *(SORT_BY_ALIGNMENT(.plt))

/DISCARD/
 *(SORT_BY_ALIGNMENT(.iplt))
                0x0000000000000000                __rom_region_start = 0x0

rom_start       0x0000000000000000      0x100
                0x0000000000000000                __rom_start_address = .
 FILL mask 0x00
                0x0000000000000000                . = (. + (0x0 - (. - __rom_start_address)))
                0x0000000000000000                . = ALIGN (0x4)
                0x0000000000000000                . = ALIGN (0x80)
                0x0000000000000000                . = ALIGN (0x100)
                0x0000000000000000                _vector_start = .
 *(SORT_BY_ALIGNMENT(.exc_vector_table))
 *(SORT_BY_ALIGNMENT(.exc_vector_table.*))
 .exc_vector_table._vector_table_section
                0x0000000000000000       0x40 zephyr/arch/arch/arm/core/cortex_m/libarch__arm__core__cortex_m.a(vector_table.S.obj)
                0x0000000000000000                _vector_table
 *(SORT_BY_ALIGNMENT(.vectors))
                0x0000000000000100                _vector_end = .
                0x0000000000000040                . = ALIGN (0x4)
 *(SORT_BY_ALIGNMENT(.gnu.linkonce.irq_vector_table*))
 .gnu.linkonce.irq_vector_table
                0x0000000000000040       0xc0 zephyr/CMakeFiles/zephyr_final.dir/isr_tables.c.obj
                0x0000000000000040                _irq_vector_table
                0x0000000000000100                _vector_end = .

text            0x0000000000000100     0xd520
                0x0000000000000100                __text_region_start = .
 *(SORT_BY_ALIGNMENT(.text))
 .text          0x0000000000000100      0x21c /home/alberto/zephyr-sdk-0.17.0/arm-zephyr-eabi/bin/../lib/gcc/arm-zephyr-eabi/12.2.0/thumb/v7e-m/nofp/libgcc.a(_arm_addsubsf3.o)
                0x0000000000000100                __aeabi_frsub
                0x0000000000000108                __subsf3
                0x0000000000000108                __aeabi_fsub
                0x000000000000010c                __aeabi_fadd
                0x000000000000010c                __addsf3
                0x000000000000026c                __aeabi_ui2f
                0x000000000000026c                __floatunsisf
                0x0000000000000274                __aeabi_i2f
                0x0000000000000274                __floatsisf
                0x0000000000000290                __floatundisf
                0x0000000000000290                __aeabi_ul2f
                0x00000000000002a0                __floatdisf
                0x00000000000002a0                __aeabi_l2f
 .text          0x000000000000031c      0x2a0 /home/alberto/zephyr-sdk-0.17.0/arm-zephyr-eabi/bin/../lib/gcc/arm-zephyr-eabi/12.2.0/thumb/v7e-m/nofp/libgcc.a(_arm_muldivsf3.o)
                0x000000000000031c                __mulsf3
                0x000000000000031c                __aeabi_fmul
                0x0000000000000484                __divsf3
                0x0000000000000484                __aeabi_fdiv
 .text          0x00000000000005bc       0xec /home/alberto/zephyr-sdk-0.17.0/arm-zephyr-eabi/bin/../lib/gcc/arm-zephyr-eabi/12.2.0/thumb/v7e-m/nofp/libgcc.a(_arm_cmpsf2.o)
                0x00000000000005bc                __gtsf2
                0x00000000000005bc                __gesf2
                0x00000000000005c4                __lesf2
                0x00000000000005c4                __ltsf2
                0x00000000000005cc                __nesf2
                0x00000000000005cc                __eqsf2
                0x00000000000005cc                __cmpsf2
                0x000000000000062c                __aeabi_cfrcmple
                0x0000000000000634                __aeabi_cfcmple
                0x0000000000000634                __aeabi_cfcmpeq
                0x0000000000000644                __aeabi_fcmpeq
                0x0000000000000658                __aeabi_fcmplt
                0x000000000000066c                __aeabi_fcmple
                0x0000000000000680                __aeabi_fcmpge
                0x0000000000000694                __aeabi_fcmpgt
 .text          0x00000000000006a8       0x4c /home/alberto/zephyr-sdk-0.17.0/arm-zephyr-eabi/bin/../lib/gcc/arm-zephyr-eabi/12.2.0/thumb/v7e-m/nofp/libgcc.a(_arm_fixsfsi.o)
                0x00000000000006a8                __fixsfsi
                0x00000000000006a8                __aeabi_f2iz
 .text          0x00000000000006f4       0xa0 /home/alberto/zephyr-sdk-0.17.0/arm-zephyr-eabi/bin/../lib/gcc/arm-zephyr-eabi/12.2.0/thumb/v7e-m/nofp/libgcc.a(_aeabi_ldivmod.o)
                0x00000000000006f4                __aeabi_ldivmod
 .text          0x0000000000000794       0x30 /home/alberto/zephyr-sdk-0.17.0/arm-zephyr-eabi/bin/../lib/gcc/arm-zephyr-eabi/12.2.0/thumb/v7e-m/nofp/libgcc.a(_aeabi_uldivmod.o)
                0x0000000000000794                __aeabi_uldivmod
 .text          0x00000000000007c4        0x4 /home/alberto/zephyr-sdk-0.17.0/arm-zephyr-eabi/bin/../lib/gcc/arm-zephyr-eabi/12.2.0/thumb/v7e-m/nofp/libgcc.a(_dvmd_tls.o)
                0x00000000000007c4                __aeabi_ldiv0
                0x00000000000007c4                __aeabi_idiv0
 .text          0x00000000000007c8       0x10 /home/alberto/zephyr-sdk-0.17.0/arm-zephyr-eabi/bin/../lib/gcc/../../picolibc/arm-zephyr-eabi/lib/thumb/v7e-m/nofp/libc.a(strlen.S.o)
                0x00000000000007c8                strlen
 .text          0x00000000000007d8      0x2a0 /home/alberto/zephyr-sdk-0.17.0/arm-zephyr-eabi/bin/../lib/gcc/arm-zephyr-eabi/12.2.0/thumb/v7e-m/nofp/libgcc.a(_udivmoddi4.o)
                0x00000000000007d8                __udivmoddi4
 *(SORT_BY_ALIGNMENT(.text.*))
 .text.main     0x0000000000000a78      0x104 app/libapp.a(main.c.obj)
                0x0000000000000a78                main
 .text.app_wait_rx_done
                0x0000000000000b7c       0x68 app/libapp.a(app.c.obj)
 .text.app_wait_tx_done
                0x0000000000000be4       0x4c app/libapp.a(app.c.obj)
 .text.app_run_ieee_802_15_4_schedule
                0x0000000000000c30      0xb98 app/libapp.a(app.c.obj)
                0x0000000000000c30                app_run_ieee_802_15_4_schedule
 .text.app_set_mac_addr
                0x00000000000017c8       0x18 app/libapp.a(app.c.obj)
                0x00000000000017c8                app_set_mac_addr
 .text.app_set_pan_id
                0x00000000000017e0       0x18 app/libapp.a(app.c.obj)
                0x00000000000017e0                app_set_pan_id
 .text.app_set_tag_mac_addr
                0x00000000000017f8       0x18 app/libapp.a(app.c.obj)
                0x00000000000017f8                app_set_tag_mac_addr
 .text.app_set_anchor_mac_addr
                0x0000000000001810       0x44 app/libapp.a(app.c.obj)
                0x0000000000001810                app_set_anchor_mac_addr
 .text.app_get_ranging_info
                0x0000000000001854       0x64 app/libapp.a(app.c.obj)
                0x0000000000001854                app_get_ranging_info
 .text.phy_device_init
                0x00000000000018b8       0xa8 app/libapp.a(phy.c.obj)
                0x00000000000018b8                phy_device_init
 .text.phy_set_config
                0x0000000000001960      0x100 app/libapp.a(phy.c.obj)
                0x0000000000001960                phy_set_config
 .text.phy_set_tx_power
                0x0000000000001a60       0x9c app/libapp.a(phy.c.obj)
                0x0000000000001a60                phy_set_tx_power
 .text.phy_set_ant_delay
                0x0000000000001afc       0xec app/libapp.a(phy.c.obj)
                0x0000000000001afc                phy_set_ant_delay
 .text.deca_gpio_init
                0x0000000000001be8       0x40 app/libapp.a(deca_gpio.c.obj)
                0x0000000000001be8                deca_gpio_init
 .text.deca_reset_ic
                0x0000000000001c28       0x30 app/libapp.a(deca_gpio.c.obj)
                0x0000000000001c28                deca_reset_ic
 .text.deca_spi_init
                0x0000000000001c58       0x8c app/libapp.a(deca_spi.c.obj)
                0x0000000000001c58                deca_spi_init
 .text.deca_set_spi_slow_rate
                0x0000000000001ce4       0x10 app/libapp.a(deca_spi.c.obj)
                0x0000000000001ce4                deca_set_spi_slow_rate
 .text.deca_set_spi_fast_rate
                0x0000000000001cf4       0x10 app/libapp.a(deca_spi.c.obj)
                0x0000000000001cf4                deca_set_spi_fast_rate
 .text.deca_write_to_spi_with_crc
                0x0000000000001d04       0x54 app/libapp.a(deca_spi.c.obj)
                0x0000000000001d04                deca_write_to_spi_with_crc
 .text.deca_write_to_spi
                0x0000000000001d58       0x4c app/libapp.a(deca_spi.c.obj)
                0x0000000000001d58                deca_write_to_spi
 .text.deca_read_from_spi
                0x0000000000001da4       0x58 app/libapp.a(deca_spi.c.obj)
                0x0000000000001da4                deca_read_from_spi
 .text.dwt_probe
                0x0000000000001dfc       0x68 app/libapp.a(deca_compat.c.obj)
                0x0000000000001dfc                dwt_probe
 .text.dwt_readdevid
                0x0000000000001e64       0x20 app/libapp.a(deca_compat.c.obj)
                0x0000000000001e64                dwt_readdevid
 .text.dwt_initialise
                0x0000000000001e84       0x14 app/libapp.a(deca_compat.c.obj)
                0x0000000000001e84                dwt_initialise
 .text.dwt_configure
                0x0000000000001e98       0x14 app/libapp.a(deca_compat.c.obj)
                0x0000000000001e98                dwt_configure
 .text.dwt_configuretxrf
                0x0000000000001eac       0x14 app/libapp.a(deca_compat.c.obj)
                0x0000000000001eac                dwt_configuretxrf
 .text.dwt_setrxantennadelay
                0x0000000000001ec0       0x24 app/libapp.a(deca_compat.c.obj)
                0x0000000000001ec0                dwt_setrxantennadelay
 .text.dwt_settxantennadelay
                0x0000000000001ee4       0x24 app/libapp.a(deca_compat.c.obj)
                0x0000000000001ee4                dwt_settxantennadelay
 .text.dwt_writetxdata
                0x0000000000001f08       0x20 app/libapp.a(deca_compat.c.obj)
                0x0000000000001f08                dwt_writetxdata
 .text.dwt_writetxfctrl
                0x0000000000001f28       0x20 app/libapp.a(deca_compat.c.obj)
                0x0000000000001f28                dwt_writetxfctrl
 .text.dwt_starttx
                0x0000000000001f48       0x24 app/libapp.a(deca_compat.c.obj)
                0x0000000000001f48                dwt_starttx
 .text.dwt_setdelayedtrxtime
                0x0000000000001f6c       0x20 app/libapp.a(deca_compat.c.obj)
                0x0000000000001f6c                dwt_setdelayedtrxtime
 .text.dwt_readtxtimestamp
                0x0000000000001f8c       0x1c app/libapp.a(deca_compat.c.obj)
                0x0000000000001f8c                dwt_readtxtimestamp
 .text.dwt_readrxtimestamp
                0x0000000000001fa8       0x14 app/libapp.a(deca_compat.c.obj)
                0x0000000000001fa8                dwt_readrxtimestamp
 .text.dwt_forcetrxoff
                0x0000000000001fbc       0x1c app/libapp.a(deca_compat.c.obj)
                0x0000000000001fbc                dwt_forcetrxoff
 .text.dwt_rxenable
                0x0000000000001fd8       0x14 app/libapp.a(deca_compat.c.obj)
                0x0000000000001fd8                dwt_rxenable
 .text.dwt_setrxtimeout
                0x0000000000001fec       0x20 app/libapp.a(deca_compat.c.obj)
                0x0000000000001fec                dwt_setrxtimeout
 .text.dwt_setpreambledetecttimeout
                0x000000000000200c       0x24 app/libapp.a(deca_compat.c.obj)
                0x000000000000200c                dwt_setpreambledetecttimeout
 .text.dwt_checkidlerc
                0x0000000000002030       0x28 app/libapp.a(deca_compat.c.obj)
                0x0000000000002030                dwt_checkidlerc
 .text.dwt_aon_read
                0x0000000000002058       0x28 app/libapp.a(deca_compat.c.obj)
                0x0000000000002058                dwt_aon_read
 .text.dwt_generatecrc8
                0x0000000000002080       0x20 app/libapp.a(deca_compat.c.obj)
                0x0000000000002080                dwt_generatecrc8
 .text.dwt_readrxdata
                0x00000000000020a0       0x20 app/libapp.a(deca_compat.c.obj)
                0x00000000000020a0                dwt_readrxdata
 .text.dwt_otpread
                0x00000000000020c0       0x28 app/libapp.a(deca_compat.c.obj)
                0x00000000000020c0                dwt_otpread
 .text.dwt_writesysstatuslo
                0x00000000000020e8       0x20 app/libapp.a(deca_compat.c.obj)
                0x00000000000020e8                dwt_writesysstatuslo
 .text.dwt_writesysstatushi
                0x0000000000002108       0x20 app/libapp.a(deca_compat.c.obj)
                0x0000000000002108                dwt_writesysstatushi
 .text.dwt_readsysstatuslo
                0x0000000000002128       0x20 app/libapp.a(deca_compat.c.obj)
                0x0000000000002128                dwt_readsysstatuslo
 .text.dwt_readsysstatushi
                0x0000000000002148       0x20 app/libapp.a(deca_compat.c.obj)
                0x0000000000002148                dwt_readsysstatushi
 .text.dwt_getframelength
                0x0000000000002168       0x28 app/libapp.a(deca_compat.c.obj)
                0x0000000000002168                dwt_getframelength
 .text.interface_rx_enable
                0x0000000000002190       0xc4 app/libapp.a(deca_interface.c.obj)
                0x0000000000002190                interface_rx_enable
 .text.rsl_calculate
                0x0000000000002254       0x60 app/libapp.a(deca_rsl.c.obj)
 .text.ull_adjust_tx_power
                0x00000000000022b4      0x178 app/libapp.a(deca_device.c.obj)
 .text.dwt_dbg_fn
                0x000000000000242c       0x10 app/libapp.a(deca_device.c.obj)
 .text.dwt_prog_ldo_and_bias_tune
                0x000000000000243c       0x38 app/libapp.a(deca_device.c.obj)
 .text.ull_configurestsloadiv
                0x0000000000002474       0x1c app/libapp.a(deca_device.c.obj)
 .text.ull_stop_repeated_frames
                0x0000000000002490       0x18 app/libapp.a(deca_device.c.obj)
 .text.ull_increase_ch5_ppl_ldo_tune
                0x00000000000024a8       0x30 app/libapp.a(deca_device.c.obj)
 .text.ull_get_dgcdecision
                0x00000000000024d8       0x14 app/libapp.a(deca_device.c.obj)
 .text.ull_nlos_alldiag
                0x00000000000024ec      0x140 app/libapp.a(deca_device.c.obj)
 .text.ull_configciadiag
                0x000000000000262c       0x5c app/libapp.a(deca_device.c.obj)
 .text.ull_setxtaltrim
                0x0000000000002688       0x14 app/libapp.a(deca_device.c.obj)
 .text.ull_clearaonconfig
                0x000000000000269c       0x44 app/libapp.a(deca_device.c.obj)
 .text.dwt_otpreadpintoparams
                0x00000000000026e0       0x44 app/libapp.a(deca_device.c.obj)
 .text.ull_aon_read
                0x0000000000002724       0x44 app/libapp.a(deca_device.c.obj)
 .text.ull_aon_write
                0x0000000000002768       0x58 app/libapp.a(deca_device.c.obj)
 .text.ull_configuresleep
                0x00000000000027c0       0x58 app/libapp.a(deca_device.c.obj)
 .text.ull_dis_otp_ips
                0x0000000000002818       0xdc app/libapp.a(deca_device.c.obj)
 .text.ull_setrxaftertxdelay
                0x00000000000028f4       0x2c app/libapp.a(deca_device.c.obj)
 .text.ull_setlnapamode
                0x0000000000002920       0x40 app/libapp.a(deca_device.c.obj)
 .text.ull_configurestskey
                0x0000000000002960       0x48 app/libapp.a(deca_device.c.obj)
 .text.ull_configurestsiv
                0x00000000000029a8       0x48 app/libapp.a(deca_device.c.obj)
 .text.ull_configmrxlut
                0x00000000000029f0      0x104 app/libapp.a(deca_device.c.obj)
 .text.ull_readrxdata
                0x0000000000002af4       0x64 app/libapp.a(deca_device.c.obj)
 .text.ull_disable_rftx_blocks
                0x0000000000002b58       0x10 app/libapp.a(deca_device.c.obj)
 .text.ull_repeated_frames
                0x0000000000002b68       0x34 app/libapp.a(deca_device.c.obj)
 .text.ull_run_pgfcal
                0x0000000000002b9c       0xb4 app/libapp.a(deca_device.c.obj)
 .text.ull_pgf_cal
                0x0000000000002c50       0x60 app/libapp.a(deca_device.c.obj)
 .text.ull_readcir
                0x0000000000002cb0      0x160 app/libapp.a(deca_device.c.obj)
 .text.ull_readaccdata
                0x0000000000002e10       0x84 app/libapp.a(deca_device.c.obj)
 .text.ull_writetxdata
                0x0000000000002e94       0x5c app/libapp.a(deca_device.c.obj)
 .text.ull_do_aes
                0x0000000000002ef0      0x218 app/libapp.a(deca_device.c.obj)
 .text.ull_initialise
                0x0000000000003108      0x150 app/libapp.a(deca_device.c.obj)
 .text.ull_setgpiovalue
                0x0000000000003258       0x2c app/libapp.a(deca_device.c.obj)
 .text.ull_readrxtimestamp
                0x0000000000003284       0x38 app/libapp.a(deca_device.c.obj)
 .text.ull_force_clocks.part.0
                0x00000000000032bc       0x10 app/libapp.a(deca_device.c.obj)
 .text.dwt_adjust_delaytime.part.0
                0x00000000000032cc       0x2c app/libapp.a(deca_device.c.obj)
 .text.ull_disable_rf_tx
                0x00000000000032f8       0x3c app/libapp.a(deca_device.c.obj)
 .text.ull_rxenable
                0x0000000000003334       0xb0 app/libapp.a(deca_device.c.obj)
 .text.ull_starttx
                0x00000000000033e4       0xf0 app/libapp.a(deca_device.c.obj)
 .text.ull_getframelength.constprop.0
                0x00000000000034d4       0x58 app/libapp.a(deca_device.c.obj)
 .text.ull_isr  0x000000000000352c      0x2d0 app/libapp.a(deca_device.c.obj)
 .text.ull_force_clocks.constprop.0
                0x00000000000037fc       0x10 app/libapp.a(deca_device.c.obj)
 .text.ull_readsar.constprop.0
                0x000000000000380c       0xbc app/libapp.a(deca_device.c.obj)
 .text.ull_setleds
                0x00000000000038c8       0x88 app/libapp.a(deca_device.c.obj)
 .text.dwt_otpprogword32
                0x0000000000003950      0x168 app/libapp.a(deca_device.c.obj)
 .text.ull_enable_rf_tx
                0x0000000000003ab8       0x58 app/libapp.a(deca_device.c.obj)
 .text.ull_setdwstate
                0x0000000000003b10       0xb4 app/libapp.a(deca_device.c.obj)
 .text.ull_setchannel
                0x0000000000003bc4      0x190 app/libapp.a(deca_device.c.obj)
 .text.ull_writetxfctrl
                0x0000000000003d54       0x40 app/libapp.a(deca_device.c.obj)
 .text.ull_enable_rftx_blocks
                0x0000000000003d94       0x14 app/libapp.a(deca_device.c.obj)
 .text.ull_calcbandwidthadj
                0x0000000000003da8       0x7c app/libapp.a(deca_device.c.obj)
 .text.ull_configuretxrf
                0x0000000000003e24       0x38 app/libapp.a(deca_device.c.obj)
 .text.dwt_kick_dgc_on_wakeup
                0x0000000000003e5c       0x20 app/libapp.a(deca_device.c.obj)
 .text.ull_restoreconfig
                0x0000000000003e7c      0x10c app/libapp.a(deca_device.c.obj)
 .text.ull_repeated_cw
                0x0000000000003f88       0x54 app/libapp.a(deca_device.c.obj)
 .text.ull_convert_tx_power_to_index
                0x0000000000003fdc       0xd8 app/libapp.a(deca_device.c.obj)
 .text.ull_calculate_linear_tx_setting
                0x00000000000040b4      0x1b8 app/libapp.a(deca_device.c.obj)
 .text.ull_setpdoamode
                0x000000000000426c       0x9c app/libapp.a(deca_device.c.obj)
 .text.dwt_ioctl
                0x0000000000004308     0x1a6c app/libapp.a(deca_device.c.obj)
 .text.ull_configure
                0x0000000000005d74      0x2a4 app/libapp.a(deca_device.c.obj)
 .text.init     0x0000000000006018      0x18c app/libapp.a(deca_device.c.obj)
 .text.log2_lut
                0x00000000000061a4       0x74 app/libapp.a(qmath.c.obj)
                0x00000000000061a4                log2_lut
 .text.led_gpio_write
                0x0000000000006218       0x40 app/libapp.a(led_gpio.c.obj)
                0x0000000000006218                led_gpio_write
 .text.led_gpio_init
                0x0000000000006258       0x74 app/libapp.a(led_gpio.c.obj)
                0x0000000000006258                led_gpio_init
 .text.cbvprintf_package
                0x00000000000062cc      0x3a4 zephyr/libzephyr.a(cbprintf_packaged.c.obj)
                0x00000000000062cc                cbvprintf_package
 .text.__printk_hook_install
                0x0000000000006670        0xc zephyr/libzephyr.a(printk.c.obj)
                0x0000000000006670                __printk_hook_install
 .text.z_thread_entry
                0x000000000000667c       0x34 zephyr/libzephyr.a(thread_entry.c.obj)
                0x000000000000667c                z_thread_entry
 .text.process_event
                0x00000000000066b0      0x21c zephyr/libzephyr.a(onoff.c.obj)
 .text.z_log_init.isra.0
                0x00000000000068cc       0xd4 zephyr/libzephyr.a(log_core.c.obj)
 .text.log_format_func_t_get
                0x00000000000069a0        0xc zephyr/libzephyr.a(log_core.c.obj)
                0x00000000000069a0                log_format_func_t_get
 .text.log_set_timestamp_func
                0x00000000000069ac       0x20 zephyr/libzephyr.a(log_core.c.obj)
                0x00000000000069ac                log_set_timestamp_func
 .text.log_core_init
                0x00000000000069cc       0x4c zephyr/libzephyr.a(log_core.c.obj)
                0x00000000000069cc                log_core_init
 .text.z_impl_log_panic
                0x0000000000006a18       0x3c zephyr/libzephyr.a(log_core.c.obj)
                0x0000000000006a18                z_impl_log_panic
 .text.z_log_dropped
                0x0000000000006a54       0x30 zephyr/libzephyr.a(log_core.c.obj)
                0x0000000000006a54                z_log_dropped
 .text.z_log_msg_commit
                0x0000000000006a84       0x38 zephyr/libzephyr.a(log_core.c.obj)
                0x0000000000006a84                z_log_msg_commit
 .text.log_source_name_get
                0x0000000000006abc       0x1c zephyr/libzephyr.a(log_mgmt.c.obj)
                0x0000000000006abc                log_source_name_get
 .text.z_log_msg_runtime_vcreate
                0x0000000000006ad8       0xac zephyr/libzephyr.a(log_msg.c.obj)
                0x0000000000006ad8                z_log_msg_runtime_vcreate
 .text.log_msg_get_source_id
                0x0000000000006b84       0x18 zephyr/libzephyr.a(log_msg.c.obj)
                0x0000000000006b84                log_msg_get_source_id
 .text.print_formatted
                0x0000000000006b9c       0x24 zephyr/libzephyr.a(log_output.c.obj)
 .text.newline_print
                0x0000000000006bc0       0x1c zephyr/libzephyr.a(log_output.c.obj)
 .text.log_output_process
                0x0000000000006bdc      0x2e0 zephyr/libzephyr.a(log_output.c.obj)
                0x0000000000006bdc                log_output_process
 .text.log_output_timestamp_freq_set
                0x0000000000006ebc       0x2c zephyr/libzephyr.a(log_output.c.obj)
                0x0000000000006ebc                log_output_timestamp_freq_set
 .text.log_backend_rtt_init
                0x0000000000006ee8        0xc zephyr/libzephyr.a(log_backend_rtt.c.obj)
 .text.format_set
                0x0000000000006ef4        0xc zephyr/libzephyr.a(log_backend_rtt.c.obj)
 .text.process  0x0000000000006f00       0x24 zephyr/libzephyr.a(log_backend_rtt.c.obj)
 .text.panic    0x0000000000006f24       0x34 zephyr/libzephyr.a(log_backend_rtt.c.obj)
 .text.data_out
                0x0000000000006f58       0x70 zephyr/libzephyr.a(log_backend_rtt.c.obj)
 .text.char_out
                0x0000000000006fc8       0x24 zephyr/libzephyr.a(log_backend_uart.c.obj)
 .text.mem_attr_get_regions
                0x0000000000006fec        0xc zephyr/libzephyr.a(mem_attr.c.obj)
                0x0000000000006fec                mem_attr_get_regions
 .text.z_arm_fatal_error
                0x0000000000006ff8       0xc4 zephyr/arch/arch/arm/core/libarch__arm__core.a(fatal.c.obj)
                0x0000000000006ff8                z_arm_fatal_error
 .text.z_SysNmiOnReset
                0x00000000000070bc        0x8 zephyr/arch/arch/arm/core/libarch__arm__core.a(nmi_on_reset.S.obj)
                0x00000000000070bc                z_SysNmiOnReset
 .text.arch_tls_stack_setup
                0x00000000000070c4       0x40 zephyr/arch/arch/arm/core/libarch__arm__core.a(tls.c.obj)
                0x00000000000070c4                arch_tls_stack_setup
 .text._HandlerModeExit
                0x0000000000007104       0x20 zephyr/arch/arch/arm/core/cortex_m/libarch__arm__core__cortex_m.a(exc_exit.c.obj)
                0x0000000000007104                z_arm_exc_exit
                0x0000000000007104                z_arm_int_exit
 .text.bus_fault.constprop.0
                0x0000000000007124      0x13c zephyr/arch/arch/arm/core/cortex_m/libarch__arm__core__cortex_m.a(fault.c.obj)
 .text.usage_fault.constprop.0
                0x0000000000007260      0x108 zephyr/arch/arch/arm/core/cortex_m/libarch__arm__core__cortex_m.a(fault.c.obj)
 .text.mem_manage_fault
                0x0000000000007368      0x164 zephyr/arch/arch/arm/core/cortex_m/libarch__arm__core__cortex_m.a(fault.c.obj)
 .text.z_arm_fault
                0x00000000000074cc      0x20c zephyr/arch/arch/arm/core/cortex_m/libarch__arm__core__cortex_m.a(fault.c.obj)
                0x00000000000074cc                z_arm_fault
 .text.z_arm_fault_init
                0x00000000000076d8       0x18 zephyr/arch/arch/arm/core/cortex_m/libarch__arm__core__cortex_m.a(fault.c.obj)
                0x00000000000076d8                z_arm_fault_init
 .text.__fault  0x00000000000076f0       0x14 zephyr/arch/arch/arm/core/cortex_m/libarch__arm__core__cortex_m.a(fault_s.S.obj)
                0x00000000000076f0                z_arm_bus_fault
                0x00000000000076f0                z_arm_usage_fault
                0x00000000000076f0                z_arm_mpu_fault
                0x00000000000076f0                z_arm_exc_spurious
                0x00000000000076f0                z_arm_debug_monitor
                0x00000000000076f0                z_arm_hard_fault
 .text._reset_section
                0x0000000000007704       0x38 zephyr/arch/arch/arm/core/cortex_m/libarch__arm__core__cortex_m.a(reset.S.obj)
                0x0000000000007704                z_arm_reset
                0x0000000000007704                __start
 .text.z_impl_k_thread_abort
                0x000000000000773c       0x2c zephyr/arch/arch/arm/core/cortex_m/libarch__arm__core__cortex_m.a(thread_abort.c.obj)
                0x000000000000773c                z_impl_k_thread_abort
 .text.z_arm_pendsv
                0x0000000000007768       0x60 zephyr/arch/arch/arm/core/cortex_m/libarch__arm__core__cortex_m.a(swap_helper.S.obj)
                0x0000000000007768                z_arm_pendsv
 .text.z_arm_svc
                0x00000000000077c8       0x24 zephyr/arch/arch/arm/core/cortex_m/libarch__arm__core__cortex_m.a(swap_helper.S.obj)
                0x00000000000077c8                z_arm_svc
 .text.arm_irq_enable
                0x00000000000077ec       0x1c zephyr/arch/arch/arm/core/cortex_m/libarch__arm__core__cortex_m.a(irq_manage.c.obj)
                0x00000000000077ec                arm_irq_enable
 .text.arm_irq_disable
                0x0000000000007808       0x28 zephyr/arch/arch/arm/core/cortex_m/libarch__arm__core__cortex_m.a(irq_manage.c.obj)
                0x0000000000007808                arm_irq_disable
 .text.arm_irq_is_enabled
                0x0000000000007830       0x1c zephyr/arch/arch/arm/core/cortex_m/libarch__arm__core__cortex_m.a(irq_manage.c.obj)
                0x0000000000007830                arm_irq_is_enabled
 .text.arm_irq_priority_set
                0x000000000000784c       0x30 zephyr/arch/arch/arm/core/cortex_m/libarch__arm__core__cortex_m.a(irq_manage.c.obj)
                0x000000000000784c                arm_irq_priority_set
 .text.relocate_vector_table
                0x000000000000787c       0x1c zephyr/arch/arch/arm/core/cortex_m/libarch__arm__core__cortex_m.a(prep_c.c.obj)
                0x000000000000787c                relocate_vector_table
 .text.z_prep_c
                0x0000000000007898       0x38 zephyr/arch/arch/arm/core/cortex_m/libarch__arm__core__cortex_m.a(prep_c.c.obj)
                0x0000000000007898                z_prep_c
 .text.arch_new_thread
                0x00000000000078d0       0x38 zephyr/arch/arch/arm/core/cortex_m/libarch__arm__core__cortex_m.a(thread.c.obj)
                0x00000000000078d0                arch_new_thread
 .text.z_check_thread_stack_fail
                0x0000000000007908       0x2c zephyr/arch/arch/arm/core/cortex_m/libarch__arm__core__cortex_m.a(thread.c.obj)
                0x0000000000007908                z_check_thread_stack_fail
 .text.arch_switch_to_main_thread
                0x0000000000007934       0x3c zephyr/arch/arch/arm/core/cortex_m/libarch__arm__core__cortex_m.a(thread.c.obj)
                0x0000000000007934                arch_switch_to_main_thread
 .text.z_arm_cpu_idle_init
                0x0000000000007970        0xc zephyr/arch/arch/arm/core/cortex_m/libarch__arm__core__cortex_m.a(cpu_idle.c.obj)
                0x0000000000007970                z_arm_cpu_idle_init
 .text.z_arm_interrupt_init
                0x000000000000797c       0x18 zephyr/arch/arch/arm/core/cortex_m/libarch__arm__core__cortex_m.a(irq_init.c.obj)
                0x000000000000797c                z_arm_interrupt_init
 .text._isr_wrapper
                0x0000000000007994       0x24 zephyr/arch/arch/arm/core/cortex_m/libarch__arm__core__cortex_m.a(isr_wrapper.c.obj)
                0x0000000000007994                _isr_wrapper
 .text.z_arm_configure_static_mpu_regions
                0x00000000000079b8       0x18 zephyr/arch/arch/arm/core/mpu/libarch__arm__core__mpu.a(arm_core_mpu.c.obj)
                0x00000000000079b8                z_arm_configure_static_mpu_regions
 .text.z_arm_configure_dynamic_mpu_regions
                0x00000000000079d0       0x20 zephyr/arch/arch/arm/core/mpu/libarch__arm__core__mpu.a(arm_core_mpu.c.obj)
                0x00000000000079d0                z_arm_configure_dynamic_mpu_regions
 .text.region_allocate_and_init
                0x00000000000079f0       0x60 zephyr/arch/arch/arm/core/mpu/libarch__arm__core__mpu.a(arm_mpu.c.obj)
 .text.mpu_configure_regions
                0x0000000000007a50       0x74 zephyr/arch/arch/arm/core/mpu/libarch__arm__core__mpu.a(arm_mpu.c.obj)
 .text.arm_core_mpu_enable
                0x0000000000007ac4       0x18 zephyr/arch/arch/arm/core/mpu/libarch__arm__core__mpu.a(arm_mpu.c.obj)
                0x0000000000007ac4                arm_core_mpu_enable
 .text.arm_core_mpu_disable
                0x0000000000007adc       0x14 zephyr/arch/arch/arm/core/mpu/libarch__arm__core__mpu.a(arm_mpu.c.obj)
                0x0000000000007adc                arm_core_mpu_disable
 .text.arm_core_mpu_configure_static_mpu_regions
                0x0000000000007af0       0x14 zephyr/arch/arch/arm/core/mpu/libarch__arm__core__mpu.a(arm_mpu.c.obj)
                0x0000000000007af0                arm_core_mpu_configure_static_mpu_regions
 .text.arm_core_mpu_configure_dynamic_mpu_regions
                0x0000000000007b04       0x38 zephyr/arch/arch/arm/core/mpu/libarch__arm__core__mpu.a(arm_mpu.c.obj)
                0x0000000000007b04                arm_core_mpu_configure_dynamic_mpu_regions
 .text.z_arm_mpu_init
                0x0000000000007b3c      0x17c zephyr/arch/arch/arm/core/mpu/libarch__arm__core__mpu.a(arm_mpu.c.obj)
                0x0000000000007b3c                z_arm_mpu_init
 .text.cbvprintf
                0x0000000000007cb8       0x38 zephyr/lib/libc/picolibc/liblib__libc__picolibc.a(cbprintf.c.obj)
                0x0000000000007cb8                cbvprintf
 .text.z_impl_zephyr_fputc
                0x0000000000007cf0       0x10 zephyr/lib/libc/picolibc/liblib__libc__picolibc.a(stdio.c.obj)
                0x0000000000007cf0                z_impl_zephyr_fputc
 .text.__stdout_hook_install
                0x0000000000007d00       0x18 zephyr/lib/libc/picolibc/liblib__libc__picolibc.a(stdio.c.obj)
                0x0000000000007d00                __stdout_hook_install
 .text.abort    0x0000000000007d18       0x1c zephyr/lib/libc/common/liblib__libc__common.a(abort.c.obj)
                0x0000000000007d18                abort
 .text.malloc_prepare
                0x0000000000007d34       0x24 zephyr/lib/libc/common/liblib__libc__common.a(malloc.c.obj)
 .text.nordicsemi_nrf52_init
                0x0000000000007d58       0x18 zephyr/soc/soc/nrf52833/libsoc__nordic.a(soc.c.obj)
 .text.arch_busy_wait
                0x0000000000007d70       0x14 zephyr/soc/soc/nrf52833/libsoc__nordic.a(soc.c.obj)
                0x0000000000007d70                arch_busy_wait
 .text.onoff_stop
                0x0000000000007d84       0x30 zephyr/drivers/clock_control/libdrivers__clock_control.a(clock_control_nrf.c.obj)
 .text.onoff_start
                0x0000000000007db4       0x44 zephyr/drivers/clock_control/libdrivers__clock_control.a(clock_control_nrf.c.obj)
 .text.generic_hfclk_stop
                0x0000000000007df8       0x34 zephyr/drivers/clock_control/libdrivers__clock_control.a(clock_control_nrf.c.obj)
 .text.clk_init
                0x0000000000007e2c       0x58 zephyr/drivers/clock_control/libdrivers__clock_control.a(clock_control_nrf.c.obj)
 .text.api_blocking_start
                0x0000000000007e84       0x34 zephyr/drivers/clock_control/libdrivers__clock_control.a(clock_control_nrf.c.obj)
 .text.clkstarted_handle.constprop.0
                0x0000000000007eb8       0x4c zephyr/drivers/clock_control/libdrivers__clock_control.a(clock_control_nrf.c.obj)
 .text.generic_hfclk_start
                0x0000000000007f04       0x78 zephyr/drivers/clock_control/libdrivers__clock_control.a(clock_control_nrf.c.obj)
 .text.clock_event_handler
                0x0000000000007f7c       0x1c zephyr/drivers/clock_control/libdrivers__clock_control.a(clock_control_nrf.c.obj)
 .text.z_nrf_clock_control_lf_on
                0x0000000000007f98       0xfc zephyr/drivers/clock_control/libdrivers__clock_control.a(clock_control_nrf.c.obj)
                0x0000000000007f98                z_nrf_clock_control_lf_on
 .text.rtt_console_init
                0x0000000000008094       0x18 zephyr/drivers/console/libdrivers__console.a(rtt_console.c.obj)
 .text.rtt_console_out
                0x00000000000080ac       0x48 zephyr/drivers/console/libdrivers__console.a(rtt_console.c.obj)
 .text.uart_console_init
                0x00000000000080f4       0x28 zephyr/drivers/console/libdrivers__console.a(uart_console.c.obj)
 .text.console_out
                0x000000000000811c       0x28 zephyr/drivers/console/libdrivers__console.a(uart_console.c.obj)
 .text.gpio_nrfx_pin_interrupt_configure
                0x0000000000008144      0x100 zephyr/drivers/gpio/libdrivers__gpio.a(gpio_nrfx.c.obj)
 .text.gpio_nrfx_init
                0x0000000000008244       0x48 zephyr/drivers/gpio/libdrivers__gpio.a(gpio_nrfx.c.obj)
 .text.nrfx_gpio_handler
                0x000000000000828c       0x4c zephyr/drivers/gpio/libdrivers__gpio.a(gpio_nrfx.c.obj)
 .text.gpio_nrfx_pin_configure
                0x00000000000082d8      0x18c zephyr/drivers/gpio/libdrivers__gpio.a(gpio_nrfx.c.obj)
 .text.nrf_gpio_pin_port_decode
                0x0000000000008464       0x20 zephyr/drivers/pinctrl/libdrivers__pinctrl.a(pinctrl_nrf.c.obj)
 .text.pinctrl_configure_pins
                0x0000000000008484      0x138 zephyr/drivers/pinctrl/libdrivers__pinctrl.a(pinctrl_nrf.c.obj)
                0x0000000000008484                pinctrl_configure_pins
 .text.uart_nrfx_poll_in
                0x00000000000085bc       0x24 zephyr/drivers/serial/libdrivers__serial.a(uart_nrfx_uart.c.obj)
 .text.uart_nrfx_err_check
                0x00000000000085e0       0x10 zephyr/drivers/serial/libdrivers__serial.a(uart_nrfx_uart.c.obj)
 .text.uart_nrfx_poll_out
                0x00000000000085f0       0x7c zephyr/drivers/serial/libdrivers__serial.a(uart_nrfx_uart.c.obj)
 .text.uart_nrfx_init
                0x000000000000866c      0x1bc zephyr/drivers/serial/libdrivers__serial.a(uart_nrfx_uart.c.obj)
 .text.spi_nrfx_init
                0x0000000000008828      0x108 zephyr/drivers/spi/libdrivers__spi.a(spi_nrfx_spim.c.obj)
 .text.transfer_next_chunk
                0x0000000000008930       0xd0 zephyr/drivers/spi/libdrivers__spi.a(spi_nrfx_spim.c.obj)
 .text.event_handler
                0x0000000000008a00       0xf0 zephyr/drivers/spi/libdrivers__spi.a(spi_nrfx_spim.c.obj)
 .text.spi_nrfx_transceive
                0x0000000000008af0      0x40c zephyr/drivers/spi/libdrivers__spi.a(spi_nrfx_spim.c.obj)
 .text.nrf_gpio_cfg_input
                0x0000000000008efc       0x40 zephyr/drivers/spi/libdrivers__spi.a(spi_nrfx_common.c.obj)
 .text.spi_nrfx_wake_init
                0x0000000000008f3c       0x60 zephyr/drivers/spi/libdrivers__spi.a(spi_nrfx_common.c.obj)
                0x0000000000008f3c                spi_nrfx_wake_init
 .text.compare_int_lock
                0x0000000000008f9c       0x48 zephyr/drivers/timer/libdrivers__timer.a(nrf_rtc_timer.c.obj)
 .text.sys_clock_timeout_handler
                0x0000000000008fe4       0x48 zephyr/drivers/timer/libdrivers__timer.a(nrf_rtc_timer.c.obj)
 .text.compare_int_unlock
                0x000000000000902c       0x5c zephyr/drivers/timer/libdrivers__timer.a(nrf_rtc_timer.c.obj)
 .text.z_nrf_rtc_timer_read
                0x0000000000009088       0x44 zephyr/drivers/timer/libdrivers__timer.a(nrf_rtc_timer.c.obj)
                0x0000000000009088                z_nrf_rtc_timer_read
 .text.compare_set
                0x00000000000090cc      0x130 zephyr/drivers/timer/libdrivers__timer.a(nrf_rtc_timer.c.obj)
 .text.sys_clock_driver_init
                0x00000000000091fc       0x90 zephyr/drivers/timer/libdrivers__timer.a(nrf_rtc_timer.c.obj)
 .text.rtc_nrf_isr
                0x000000000000928c       0xd4 zephyr/drivers/timer/libdrivers__timer.a(nrf_rtc_timer.c.obj)
                0x000000000000928c                rtc_nrf_isr
 .text.sys_clock_set_timeout
                0x0000000000009360       0x5c zephyr/drivers/timer/libdrivers__timer.a(nrf_rtc_timer.c.obj)
                0x0000000000009360                sys_clock_set_timeout
 .text.sys_clock_elapsed
                0x00000000000093bc       0x14 zephyr/drivers/timer/libdrivers__timer.a(nrf_rtc_timer.c.obj)
                0x00000000000093bc                sys_clock_elapsed
 .text.nvmc_wait
                0x00000000000093d0       0x10 modules/hal_nordic/nrfx/libmodules__hal_nordic__nrfx.a(system_nrf52833.c.obj)
                0x00000000000093d0                nvmc_wait
 .text.SystemInit
                0x00000000000093e0      0x14c modules/hal_nordic/nrfx/libmodules__hal_nordic__nrfx.a(system_nrf52833.c.obj)
                0x00000000000093e0                SystemInit
 .text.nrfx_flag32_alloc
                0x000000000000952c       0x48 modules/hal_nordic/nrfx/libmodules__hal_nordic__nrfx.a(nrfx_flag32_allocator.c.obj)
                0x000000000000952c                nrfx_flag32_alloc
 .text.nrfx_flag32_free
                0x0000000000009574       0x40 modules/hal_nordic/nrfx/libmodules__hal_nordic__nrfx.a(nrfx_flag32_allocator.c.obj)
                0x0000000000009574                nrfx_flag32_free
 .text.nrfx_clock_init
                0x00000000000095b4       0x20 modules/hal_nordic/nrfx/libmodules__hal_nordic__nrfx.a(nrfx_clock.c.obj)
                0x00000000000095b4                nrfx_clock_init
 .text.nrfx_clock_enable
                0x00000000000095d4       0x24 modules/hal_nordic/nrfx/libmodules__hal_nordic__nrfx.a(nrfx_clock.c.obj)
                0x00000000000095d4                nrfx_clock_enable
 .text.nrfx_clock_start
                0x00000000000095f8       0xa8 modules/hal_nordic/nrfx/libmodules__hal_nordic__nrfx.a(nrfx_clock.c.obj)
                0x00000000000095f8                nrfx_clock_start
 .text.nrfx_power_clock_irq_handler
                0x00000000000096a0       0x6c modules/hal_nordic/nrfx/libmodules__hal_nordic__nrfx.a(nrfx_clock.c.obj)
                0x00000000000096a0                nrfx_power_clock_irq_handler
 .text.nrf_gpio_pin_port_decode
                0x000000000000970c       0x20 modules/hal_nordic/nrfx/libmodules__hal_nordic__nrfx.a(nrfx_gpiote.c.obj)
 .text.get_pin_idx
                0x000000000000972c       0x14 modules/hal_nordic/nrfx/libmodules__hal_nordic__nrfx.a(nrfx_gpiote.c.obj)
 .text.call_handler.constprop.0
                0x0000000000009740       0x40 modules/hal_nordic/nrfx/libmodules__hal_nordic__nrfx.a(nrfx_gpiote.c.obj)
 .text.pin_te_get.constprop.0
                0x0000000000009780       0x18 modules/hal_nordic/nrfx/libmodules__hal_nordic__nrfx.a(nrfx_gpiote.c.obj)
 .text.pin_is_output.constprop.0
                0x0000000000009798       0x18 modules/hal_nordic/nrfx/libmodules__hal_nordic__nrfx.a(nrfx_gpiote.c.obj)
 .text.pin_in_use_by_te.constprop.0
                0x00000000000097b0       0x18 modules/hal_nordic/nrfx/libmodules__hal_nordic__nrfx.a(nrfx_gpiote.c.obj)
 .text.latch_pending_read_and_check
                0x00000000000097c8       0x40 modules/hal_nordic/nrfx/libmodules__hal_nordic__nrfx.a(nrfx_gpiote.c.obj)
 .text.release_handler.isra.0
                0x0000000000009808       0x58 modules/hal_nordic/nrfx/libmodules__hal_nordic__nrfx.a(nrfx_gpiote.c.obj)
 .text.__nrfy_internal_gpiote_events_process.constprop.0
                0x0000000000009860       0x5c modules/hal_nordic/nrfx/libmodules__hal_nordic__nrfx.a(nrfx_gpiote.c.obj)
 .text.pin_uninit
                0x00000000000098bc       0x80 modules/hal_nordic/nrfx/libmodules__hal_nordic__nrfx.a(nrfx_gpiote.c.obj)
 .text.nrfx_gpiote_input_configure
                0x000000000000993c      0x174 modules/hal_nordic/nrfx/libmodules__hal_nordic__nrfx.a(nrfx_gpiote.c.obj)
                0x000000000000993c                nrfx_gpiote_input_configure
 .text.nrfx_gpiote_output_configure
                0x0000000000009ab0       0xfc modules/hal_nordic/nrfx/libmodules__hal_nordic__nrfx.a(nrfx_gpiote.c.obj)
                0x0000000000009ab0                nrfx_gpiote_output_configure
 .text.nrfx_gpiote_global_callback_set
                0x0000000000009bac        0xc modules/hal_nordic/nrfx/libmodules__hal_nordic__nrfx.a(nrfx_gpiote.c.obj)
                0x0000000000009bac                nrfx_gpiote_global_callback_set
 .text.nrfx_gpiote_channel_get
                0x0000000000009bb8       0x34 modules/hal_nordic/nrfx/libmodules__hal_nordic__nrfx.a(nrfx_gpiote.c.obj)
                0x0000000000009bb8                nrfx_gpiote_channel_get
 .text.nrfx_gpiote_init
                0x0000000000009bec       0x68 modules/hal_nordic/nrfx/libmodules__hal_nordic__nrfx.a(nrfx_gpiote.c.obj)
                0x0000000000009bec                nrfx_gpiote_init
 .text.nrfx_gpiote_init_check
                0x0000000000009c54       0x14 modules/hal_nordic/nrfx/libmodules__hal_nordic__nrfx.a(nrfx_gpiote.c.obj)
                0x0000000000009c54                nrfx_gpiote_init_check
 .text.nrfx_gpiote_channel_free
                0x0000000000009c68        0xc modules/hal_nordic/nrfx/libmodules__hal_nordic__nrfx.a(nrfx_gpiote.c.obj)
                0x0000000000009c68                nrfx_gpiote_channel_free
 .text.nrfx_gpiote_channel_alloc
                0x0000000000009c74        0xc modules/hal_nordic/nrfx/libmodules__hal_nordic__nrfx.a(nrfx_gpiote.c.obj)
                0x0000000000009c74                nrfx_gpiote_channel_alloc
 .text.nrfx_gpiote_trigger_enable
                0x0000000000009c80       0xb0 modules/hal_nordic/nrfx/libmodules__hal_nordic__nrfx.a(nrfx_gpiote.c.obj)
                0x0000000000009c80                nrfx_gpiote_trigger_enable
 .text.nrfx_gpiote_0_irq_handler
                0x0000000000009d30      0x1bc modules/hal_nordic/nrfx/libmodules__hal_nordic__nrfx.a(nrfx_gpiote.c.obj)
                0x0000000000009d30                nrfx_gpiote_0_irq_handler
 .text.nrf_gpio_pin_port_decode
                0x0000000000009eec       0x20 modules/hal_nordic/nrfx/libmodules__hal_nordic__nrfx.a(nrfx_spim.c.obj)
 .text.spim_frequency_valid_check.constprop.0
                0x0000000000009f0c       0x64 modules/hal_nordic/nrfx/libmodules__hal_nordic__nrfx.a(nrfx_spim.c.obj)
 .text.pin_init
                0x0000000000009f70       0x50 modules/hal_nordic/nrfx/libmodules__hal_nordic__nrfx.a(nrfx_spim.c.obj)
 .text.spim_configure
                0x0000000000009fc0      0x22c modules/hal_nordic/nrfx/libmodules__hal_nordic__nrfx.a(nrfx_spim.c.obj)
 .text.spim_pin_uninit
                0x000000000000a1ec       0x30 modules/hal_nordic/nrfx/libmodules__hal_nordic__nrfx.a(nrfx_spim.c.obj)
 .text.nrfx_spim_init
                0x000000000000a21c       0x68 modules/hal_nordic/nrfx/libmodules__hal_nordic__nrfx.a(nrfx_spim.c.obj)
                0x000000000000a21c                nrfx_spim_init
 .text.nrfx_spim_uninit
                0x000000000000a284       0x8c modules/hal_nordic/nrfx/libmodules__hal_nordic__nrfx.a(nrfx_spim.c.obj)
                0x000000000000a284                nrfx_spim_uninit
 .text.nrfx_spim_xfer
                0x000000000000a310      0x16c modules/hal_nordic/nrfx/libmodules__hal_nordic__nrfx.a(nrfx_spim.c.obj)
                0x000000000000a310                nrfx_spim_xfer
 .text.nrfx_spim_3_irq_handler
                0x000000000000a47c       0x54 modules/hal_nordic/nrfx/libmodules__hal_nordic__nrfx.a(nrfx_spim.c.obj)
                0x000000000000a47c                nrfx_spim_3_irq_handler
 .text._DoInit  0x000000000000a4d0       0x64 modules/segger/libmodules__segger.a(SEGGER_RTT.c.obj)
 .text.SEGGER_RTT_WriteSkipNoLock
                0x000000000000a534       0x88 modules/segger/libmodules__segger.a(SEGGER_RTT.c.obj)
                0x000000000000a534                SEGGER_RTT_WriteSkipNoLock
 .text.SEGGER_RTT_WriteNoLock
                0x000000000000a5bc       0x58 modules/segger/libmodules__segger.a(SEGGER_RTT.c.obj)
                0x000000000000a5bc                SEGGER_RTT_WriteNoLock
 .text.SEGGER_RTT_Write
                0x000000000000a614       0x34 modules/segger/libmodules__segger.a(SEGGER_RTT.c.obj)
                0x000000000000a614                SEGGER_RTT_Write
 .text.SEGGER_RTT_HasDataUp
                0x000000000000a648       0x14 modules/segger/libmodules__segger.a(SEGGER_RTT.c.obj)
                0x000000000000a648                SEGGER_RTT_HasDataUp
 .text.SEGGER_RTT_Init
                0x000000000000a65c       0x2c modules/segger/libmodules__segger.a(SEGGER_RTT.c.obj)
                0x000000000000a65c                SEGGER_RTT_Init
 .text.k_sys_fatal_error_handler
                0x000000000000a688       0x2c zephyr/kernel/libkernel.a(fatal.c.obj)
                0x000000000000a688                k_sys_fatal_error_handler
 .text.z_fatal_error
                0x000000000000a6b4       0xcc zephyr/kernel/libkernel.a(fatal.c.obj)
                0x000000000000a6b4                z_fatal_error
 .text.z_sys_init_run_level
                0x000000000000a780       0x30 zephyr/kernel/libkernel.a(init.c.obj)
 .text.bg_thread_main
                0x000000000000a7b0       0xc0 zephyr/kernel/libkernel.a(init.c.obj)
 .text.z_bss_zero
                0x000000000000a870       0x18 zephyr/kernel/libkernel.a(init.c.obj)
                0x000000000000a870                z_bss_zero
 .text.z_init_cpu
                0x000000000000a888       0x70 zephyr/kernel/libkernel.a(init.c.obj)
                0x000000000000a888                z_init_cpu
 .text.z_cstart
                0x000000000000a8f8       0xd4 zephyr/kernel/libkernel.a(init.c.obj)
                0x000000000000a8f8                z_cstart
 .text.z_impl_k_sem_give
                0x000000000000a9cc       0x68 zephyr/kernel/libkernel.a(sem.c.obj)
                0x000000000000a9cc                z_impl_k_sem_give
 .text.z_impl_k_sem_take
                0x000000000000aa34       0x4c zephyr/kernel/libkernel.a(sem.c.obj)
                0x000000000000aa34                z_impl_k_sem_take
 .text.z_impl_k_sem_reset
                0x000000000000aa80       0x74 zephyr/kernel/libkernel.a(sem.c.obj)
                0x000000000000aa80                z_impl_k_sem_reset
 .text.z_setup_new_thread
                0x000000000000aaf4       0x98 zephyr/kernel/libkernel.a(thread.c.obj)
                0x000000000000aaf4                z_setup_new_thread
 .text.z_dummy_thread_init
                0x000000000000ab8c       0x18 zephyr/kernel/libkernel.a(thread.c.obj)
                0x000000000000ab8c                z_dummy_thread_init
 .text.z_swap_irqlock
                0x000000000000aba4       0x30 zephyr/kernel/libkernel.a(sched.c.obj)
 .text.ready_thread
                0x000000000000abd4       0x84 zephyr/kernel/libkernel.a(sched.c.obj)
 .text.unready_thread
                0x000000000000ac58       0x54 zephyr/kernel/libkernel.a(sched.c.obj)
 .text.add_thread_timeout
                0x000000000000acac       0x1c zephyr/kernel/libkernel.a(sched.c.obj)
 .text.move_thread_to_end_of_prio_q
                0x000000000000acc8       0x90 zephyr/kernel/libkernel.a(sched.c.obj)
                0x000000000000acc8                move_thread_to_end_of_prio_q
 .text.z_pend_curr
                0x000000000000ad58       0x44 zephyr/kernel/libkernel.a(sched.c.obj)
                0x000000000000ad58                z_pend_curr
 .text.z_reschedule
                0x000000000000ad9c       0x24 zephyr/kernel/libkernel.a(sched.c.obj)
                0x000000000000ad9c                z_reschedule
 .text.z_reschedule_irqlock
                0x000000000000adc0       0x28 zephyr/kernel/libkernel.a(sched.c.obj)
                0x000000000000adc0                z_reschedule_irqlock
 .text.k_sched_lock
                0x000000000000ade8       0x28 zephyr/kernel/libkernel.a(sched.c.obj)
                0x000000000000ade8                k_sched_lock
 .text.k_sched_unlock
                0x000000000000ae10       0x68 zephyr/kernel/libkernel.a(sched.c.obj)
                0x000000000000ae10                k_sched_unlock
 .text.z_sched_init
                0x000000000000ae78       0x10 zephyr/kernel/libkernel.a(sched.c.obj)
                0x000000000000ae78                z_sched_init
 .text.z_impl_k_yield
                0x000000000000ae88       0x88 zephyr/kernel/libkernel.a(sched.c.obj)
                0x000000000000ae88                z_impl_k_yield
 .text.z_tick_sleep
                0x000000000000af10       0x78 zephyr/kernel/libkernel.a(sched.c.obj)
 .text.z_impl_k_usleep
                0x000000000000af88       0x3c zephyr/kernel/libkernel.a(sched.c.obj)
                0x000000000000af88                z_impl_k_usleep
 .text.z_impl_k_wakeup
                0x000000000000afc4       0x48 zephyr/kernel/libkernel.a(sched.c.obj)
                0x000000000000afc4                z_impl_k_wakeup
 .text.z_impl_k_sched_current_thread_query
                0x000000000000b00c        0xc zephyr/kernel/libkernel.a(sched.c.obj)
                0x000000000000b00c                z_impl_k_sched_current_thread_query
 .text.z_thread_abort
                0x000000000000b018      0x138 zephyr/kernel/libkernel.a(sched.c.obj)
                0x000000000000b018                z_thread_abort
 .text.slice_timeout
                0x000000000000b150       0x20 zephyr/kernel/libkernel.a(timeslicing.c.obj)
 .text.thread_is_sliceable
                0x000000000000b170       0x3c zephyr/kernel/libkernel.a(timeslicing.c.obj)
                0x000000000000b170                thread_is_sliceable
 .text.z_reset_time_slice
                0x000000000000b1ac       0x50 zephyr/kernel/libkernel.a(timeslicing.c.obj)
                0x000000000000b1ac                z_reset_time_slice
 .text.z_time_slice
                0x000000000000b1fc       0x60 zephyr/kernel/libkernel.a(timeslicing.c.obj)
                0x000000000000b1fc                z_time_slice
 .text.z_data_copy
                0x000000000000b25c       0x38 zephyr/kernel/libkernel.a(xip.c.obj)
                0x000000000000b25c                z_data_copy
 .text.first    0x000000000000b294       0x10 zephyr/kernel/libkernel.a(timeout.c.obj)
 .text.elapsed  0x000000000000b2a4       0x14 zephyr/kernel/libkernel.a(timeout.c.obj)
 .text.remove_timeout
                0x000000000000b2b8       0x38 zephyr/kernel/libkernel.a(timeout.c.obj)
 .text.z_add_timeout
                0x000000000000b2f0      0x124 zephyr/kernel/libkernel.a(timeout.c.obj)
                0x000000000000b2f0                z_add_timeout
 .text.sys_clock_announce
                0x000000000000b414       0xc0 zephyr/kernel/libkernel.a(timeout.c.obj)
                0x000000000000b414                sys_clock_announce
 .text.sys_clock_tick_get
                0x000000000000b4d4       0x30 zephyr/kernel/libkernel.a(timeout.c.obj)
                0x000000000000b4d4                sys_clock_tick_get
 .text.boot_banner
                0x000000000000b504        0xc zephyr/kernel/libkernel.a(banner.c.obj)
                0x000000000000b504                boot_banner
 .text.__l_vfprintf
                0x000000000000b510      0x4b8 /home/alberto/zephyr-sdk-0.17.0/arm-zephyr-eabi/bin/../lib/gcc/../../picolibc/arm-zephyr-eabi/lib/thumb/v7e-m/nofp/libc.a(libc_tinystdio_vflprintf.c.o)
                0x000000000000b510                __l_vfprintf
 .text._OffsetAbsSyms
                0x000000000000b9c8        0x2 zephyr/CMakeFiles/offsets.dir/./arch/arm/core/offsets/offsets.c.obj
                0x000000000000b9c8                _OffsetAbsSyms
 .text.app_header_read
                0x000000000000b9ca       0x2e app/libapp.a(app.c.obj)
 .text.app_header_write.constprop.0
                0x000000000000b9f8       0x24 app/libapp.a(app.c.obj)
 .text.app_sleep
                0x000000000000ba1c        0x4 app/libapp.a(app.c.obj)
                0x000000000000ba1c                app_sleep
 .text.app_read_rx_timestamp
                0x000000000000ba20       0x3c app/libapp.a(app_utils.c.obj)
                0x000000000000ba20                app_read_rx_timestamp
 .text.app_read_tx_timestamp
                0x000000000000ba5c       0x3a app/libapp.a(app_utils.c.obj)
                0x000000000000ba5c                app_read_tx_timestamp
 .text.app_set_delayed_trx_time
                0x000000000000ba96        0xa app/libapp.a(app_utils.c.obj)
                0x000000000000ba96                app_set_delayed_trx_time
 .text.app_write_tx_frame_len
                0x000000000000baa0        0x8 app/libapp.a(app_utils.c.obj)
                0x000000000000baa0                app_write_tx_frame_len
 .text.app_write_tx_buffer
                0x000000000000baa8        0xc app/libapp.a(app_utils.c.obj)
                0x000000000000baa8                app_write_tx_buffer
 .text.app_read_rx_frame_len
                0x000000000000bab4        0x6 app/libapp.a(app_utils.c.obj)
                0x000000000000bab4                app_read_rx_frame_len
 .text.app_read_rx_buffer
                0x000000000000baba        0x6 app/libapp.a(app_utils.c.obj)
                0x000000000000baba                app_read_rx_buffer
 .text.mac_header_write
                0x000000000000bac0       0x2e app/libapp.a(mac.c.obj)
                0x000000000000bac0                mac_header_write
 .text.mac_header_read
                0x000000000000baee       0x1c app/libapp.a(mac.c.obj)
                0x000000000000baee                mac_header_read
 .text.gpio_pin_set.constprop.0.isra.0
                0x000000000000bb0a       0x1e app/libapp.a(deca_gpio.c.obj)
 .text.deca_wakeup_device_with_io
                0x000000000000bb28        0x2 app/libapp.a(deca_gpio.c.obj)
                0x000000000000bb28                deca_wakeup_device_with_io
 .text.deca_mutex_on
                0x000000000000bb2a        0x4 app/libapp.a(deca_mutex.c.obj)
                0x000000000000bb2a                deca_mutex_on
 .text.deca_mutex_off
                0x000000000000bb2e        0x2 app/libapp.a(deca_mutex.c.obj)
                0x000000000000bb2e                deca_mutex_off
 .text.deca_sleep
                0x000000000000bb30       0x26 app/libapp.a(deca_sleep.c.obj)
                0x000000000000bb30                deca_sleep
 .text.deca_usleep
                0x000000000000bb56        0x4 app/libapp.a(deca_sleep.c.obj)
                0x000000000000bb56                deca_usleep
 .text.gpio_pin_set.constprop.0.isra.0
                0x000000000000bb5a       0x1c app/libapp.a(deca_spi.c.obj)
 .text.coex_gpio.isra.0
                0x000000000000bb76       0x58 app/libapp.a(deca_interface.c.obj)
 .text.coex_stop.isra.0
                0x000000000000bbce       0x12 app/libapp.a(deca_interface.c.obj)
 .text.interface_tx_frame
                0x000000000000bbe0       0x92 app/libapp.a(deca_interface.c.obj)
                0x000000000000bbe0                interface_tx_frame
 .text.interface_get_timestamp
                0x000000000000bc72       0x1e app/libapp.a(deca_interface.c.obj)
                0x000000000000bc72                interface_get_timestamp
 .text.interface_rx_disable
                0x000000000000bc90       0x14 app/libapp.a(deca_interface.c.obj)
                0x000000000000bc90                interface_rx_disable
 .text.interface_read_rx_frame
                0x000000000000bca4       0x1e app/libapp.a(deca_interface.c.obj)
                0x000000000000bca4                interface_read_rx_frame
 .text.rsl_calculate_signal_power
                0x000000000000bcc2       0x1a app/libapp.a(deca_rsl.c.obj)
                0x000000000000bcc2                rsl_calculate_signal_power
 .text.rsl_calculate_first_path_power
                0x000000000000bcdc       0x2e app/libapp.a(deca_rsl.c.obj)
                0x000000000000bcdc                rsl_calculate_first_path_power
 .text.deinit   0x000000000000bd0a        0x2 app/libapp.a(deca_device.c.obj)
 .text.dwt_xfer3xxx
                0x000000000000bd0c      0x132 app/libapp.a(deca_device.c.obj)
 .text.dwt_modify16bitoffsetreg
                0x000000000000be3e       0x24 app/libapp.a(deca_device.c.obj)
 .text.dwt_modify8bitoffsetreg
                0x000000000000be62       0x24 app/libapp.a(deca_device.c.obj)
 .text.prs_ack_enable
                0x000000000000be86       0x22 app/libapp.a(deca_device.c.obj)
 .text.ull_readfromdevice
                0x000000000000bea8       0x12 app/libapp.a(deca_device.c.obj)
 .text.dwt_read32bitoffsetreg
                0x000000000000beba       0x1e app/libapp.a(deca_device.c.obj)
 .text.dwt_read16bitoffsetreg
                0x000000000000bed8       0x16 app/libapp.a(deca_device.c.obj)
 .text.dwt_read8bitoffsetreg
                0x000000000000beee       0x18 app/libapp.a(deca_device.c.obj)
 .text.is_pll_locked
                0x000000000000bf06       0x2c app/libapp.a(deca_device.c.obj)
 .text.ull_readdiagnostics
                0x000000000000bf32      0x328 app/libapp.a(deca_device.c.obj)
 .text.ull_readdiagnostics_acc
                0x000000000000c25a      0x108 app/libapp.a(deca_device.c.obj)
 .text.ull_writetodevice
                0x000000000000c362       0x14 app/libapp.a(deca_device.c.obj)
 .text.dwt_write8bitoffsetreg
                0x000000000000c376       0x18 app/libapp.a(deca_device.c.obj)
 .text.dwt_write16bitoffsetreg
                0x000000000000c38e       0x16 app/libapp.a(deca_device.c.obj)
 .text.dwt_otp_write_wdata_id_reg
                0x000000000000c3a4       0x28 app/libapp.a(deca_device.c.obj)
 .text.ull_signal_rx_buff_free
                0x000000000000c3cc       0x22 app/libapp.a(deca_device.c.obj)
 .text.dwt_write32bitoffsetreg
                0x000000000000c3ee       0x14 app/libapp.a(deca_device.c.obj)
 .text.ull_configeventcounters
                0x000000000000c402       0x28 app/libapp.a(deca_device.c.obj)
 .text.ull_configureframefilter
                0x000000000000c42a       0x32 app/libapp.a(deca_device.c.obj)
 .text.dwt_adjust_delaytime.constprop.0
                0x000000000000c45c       0x2a app/libapp.a(deca_device.c.obj)
 .text.dwt_modify32bitoffsetreg.constprop.0
                0x000000000000c486       0x1e app/libapp.a(deca_device.c.obj)
 .text.ull_readtempvbat
                0x000000000000c4a4       0x1c app/libapp.a(deca_device.c.obj)
 .text.ull_setinterrupt
                0x000000000000c4c0       0x98 app/libapp.a(deca_device.c.obj)
 .text.prs_sys_status_and_or
                0x000000000000c558       0x10 app/libapp.a(deca_device.c.obj)
 .text.ull_setgpiomode
                0x000000000000c568       0x34 app/libapp.a(deca_device.c.obj)
 .text.gpio_pin_configure.constprop.0
                0x000000000000c59c       0x1c app/libapp.a(led_gpio.c.obj)
 .text.gpio_pin_set.isra.0
                0x000000000000c5b8       0x20 app/libapp.a(led_gpio.c.obj)
 .text.chunk_size
                0x000000000000c5d8        0xa zephyr/libzephyr.a(heap.c.obj)
 .text.free_list_add
                0x000000000000c5e2       0x4e zephyr/libzephyr.a(heap.c.obj)
 .text.sys_heap_init
                0x000000000000c630       0x7a zephyr/libzephyr.a(heap.c.obj)
                0x000000000000c630                sys_heap_init
 .text.cbpprintf_external
                0x000000000000c6aa       0x62 zephyr/libzephyr.a(cbprintf_packaged.c.obj)
                0x000000000000c6aa                cbpprintf_external
 .text.arch_printk_char_out
                0x000000000000c70c        0x4 zephyr/libzephyr.a(printk.c.obj)
                0x000000000000c70c                arch_printk_char_out
 .text.printk   0x000000000000c710       0x1a zephyr/libzephyr.a(printk.c.obj)
                0x000000000000c710                printk
 .text.process_recheck
                0x000000000000c72a       0x38 zephyr/libzephyr.a(onoff.c.obj)
 .text.validate_args
                0x000000000000c762       0x20 zephyr/libzephyr.a(onoff.c.obj)
 .text.notify_one
                0x000000000000c782       0x2c zephyr/libzephyr.a(onoff.c.obj)
 .text.transition_complete
                0x000000000000c7ae       0x1a zephyr/libzephyr.a(onoff.c.obj)
 .text.onoff_manager_init
                0x000000000000c7c8       0x26 zephyr/libzephyr.a(onoff.c.obj)
                0x000000000000c7c8                onoff_manager_init
 .text.onoff_request
                0x000000000000c7ee       0xae zephyr/libzephyr.a(onoff.c.obj)
                0x000000000000c7ee                onoff_request
 .text.sys_notify_validate
                0x000000000000c89c       0x22 zephyr/libzephyr.a(notify.c.obj)
                0x000000000000c89c                sys_notify_validate
 .text.sys_notify_finalize
                0x000000000000c8be       0x1a zephyr/libzephyr.a(notify.c.obj)
                0x000000000000c8be                sys_notify_finalize
 .text._ConfigAbsSyms
                0x000000000000c8d8        0x2 zephyr/libzephyr.a(configs.c.obj)
                0x000000000000c8d8                _ConfigAbsSyms
 .text.dummy_timestamp
                0x000000000000c8da        0x4 zephyr/libzephyr.a(log_core.c.obj)
 .text.default_get_timestamp
                0x000000000000c8de        0x4 zephyr/libzephyr.a(log_core.c.obj)
 .text.atomic_inc
                0x000000000000c8e2       0x1a zephyr/libzephyr.a(log_core.c.obj)
 .text.enable_logger
                0x000000000000c8fc        0xe zephyr/libzephyr.a(log_core.c.obj)
 .text.z_log_vprintk
                0x000000000000c90a       0x1c zephyr/libzephyr.a(log_core.c.obj)
                0x000000000000c90a                z_log_vprintk
 .text.z_log_notify_backend_enabled
                0x000000000000c926        0x2 zephyr/libzephyr.a(log_core.c.obj)
                0x000000000000c926                z_log_notify_backend_enabled
 .text.z_log_get_tag
                0x000000000000c928        0x4 zephyr/libzephyr.a(log_core.c.obj)
                0x000000000000c928                z_log_get_tag
 .text.log_backend_enable
                0x000000000000c92c       0x12 zephyr/libzephyr.a(log_mgmt.c.obj)
                0x000000000000c92c                log_backend_enable
 .text.z_log_msg_finalize
                0x000000000000c93e       0x32 zephyr/libzephyr.a(log_msg.c.obj)
                0x000000000000c93e                z_log_msg_finalize
 .text.z_log_msg_runtime_create.constprop.0
                0x000000000000c970       0x20 zephyr/libzephyr.a(log_msg.c.obj)
 .text.log_output_write
                0x000000000000c990       0x1c zephyr/libzephyr.a(log_output.c.obj)
 .text.out_func
                0x000000000000c9ac       0x1c zephyr/libzephyr.a(log_output.c.obj)
 .text.cr_out_func
                0x000000000000c9c8       0x1c zephyr/libzephyr.a(log_output.c.obj)
 .text.log_output_msg_process
                0x000000000000c9e4       0x6a zephyr/libzephyr.a(log_output.c.obj)
                0x000000000000c9e4                log_output_msg_process
 .text.format_set
                0x000000000000ca4e        0xc zephyr/libzephyr.a(log_backend_uart.c.obj)
 .text.log_backend_uart_init
                0x000000000000ca5a        0xc zephyr/libzephyr.a(log_backend_uart.c.obj)
 .text.panic    0x000000000000ca66       0x32 zephyr/libzephyr.a(log_backend_uart.c.obj)
 .text.process  0x000000000000ca98       0x1e zephyr/libzephyr.a(log_backend_uart.c.obj)
 .text.z_log_msg_runtime_create.constprop.0
                0x000000000000cab6       0x20 zephyr/arch/arch/arm/core/libarch__arm__core.a(fatal.c.obj)
 .text.z_do_kernel_oops
                0x000000000000cad6        0x8 zephyr/arch/arch/arm/core/libarch__arm__core.a(fatal.c.obj)
                0x000000000000cad6                z_do_kernel_oops
 .text.z_arm_nmi
                0x000000000000cade        0xe zephyr/arch/arch/arm/core/libarch__arm__core.a(nmi.c.obj)
                0x000000000000cade                z_arm_nmi
 .text.z_log_msg_runtime_create.constprop.0
                0x000000000000caec       0x20 zephyr/arch/arch/arm/core/cortex_m/libarch__arm__core__cortex_m.a(fault.c.obj)
 .text.z_irq_spurious
                0x000000000000cb0c        0x8 zephyr/arch/arch/arm/core/cortex_m/libarch__arm__core__cortex_m.a(irq_manage.c.obj)
                0x000000000000cb0c                z_irq_spurious
 .text.arch_irq_unlock_outlined
                0x000000000000cb14        0xe zephyr/arch/arch/arm/core/cortex_m/libarch__arm__core__cortex_m.a(thread.c.obj)
                0x000000000000cb14                arch_irq_unlock_outlined
 .text.arch_cpu_idle
                0x000000000000cb22       0x1a zephyr/arch/arch/arm/core/cortex_m/libarch__arm__core__cortex_m.a(cpu_idle.c.obj)
                0x000000000000cb22                arch_cpu_idle
 .text.arch_cpu_atomic_idle
                0x000000000000cb3c       0x1e zephyr/arch/arch/arm/core/cortex_m/libarch__arm__core__cortex_m.a(cpu_idle.c.obj)
                0x000000000000cb3c                arch_cpu_atomic_idle
 .text.size_to_mpu_rasr_size
                0x000000000000cb5a       0x20 zephyr/arch/arch/arm/core/mpu/libarch__arm__core__mpu.a(arm_mpu.c.obj)
 .text.z_log_msg_runtime_create.constprop.0
                0x000000000000cb7a       0x20 zephyr/arch/arch/arm/core/mpu/libarch__arm__core__mpu.a(arm_mpu.c.obj)
 .text.__assert_no_args
                0x000000000000cb9a        0x6 zephyr/lib/libc/picolibc/liblib__libc__picolibc.a(assert.c.obj)
                0x000000000000cb9a                __assert_no_args
 .text.cbputc   0x000000000000cba0        0xc zephyr/lib/libc/picolibc/liblib__libc__picolibc.a(cbprintf.c.obj)
 .text.picolibc_put
                0x000000000000cbac        0xa zephyr/lib/libc/picolibc/liblib__libc__picolibc.a(stdio.c.obj)
 .text.get_status
                0x000000000000cbb6       0x12 zephyr/drivers/clock_control/libdrivers__clock_control.a(clock_control_nrf.c.obj)
 .text.stop     0x000000000000cbc8       0x50 zephyr/drivers/clock_control/libdrivers__clock_control.a(clock_control_nrf.c.obj)
 .text.api_stop
                0x000000000000cc18        0x6 zephyr/drivers/clock_control/libdrivers__clock_control.a(clock_control_nrf.c.obj)
 .text.async_start
                0x000000000000cc1e       0x5a zephyr/drivers/clock_control/libdrivers__clock_control.a(clock_control_nrf.c.obj)
 .text.api_start
                0x000000000000cc78        0xe zephyr/drivers/clock_control/libdrivers__clock_control.a(clock_control_nrf.c.obj)
 .text.onoff_started_callback
                0x000000000000cc86       0x12 zephyr/drivers/clock_control/libdrivers__clock_control.a(clock_control_nrf.c.obj)
 .text.lfclk_start
                0x000000000000cc98        0x6 zephyr/drivers/clock_control/libdrivers__clock_control.a(clock_control_nrf.c.obj)
 .text.lfclk_stop
                0x000000000000cc9e        0x6 zephyr/drivers/clock_control/libdrivers__clock_control.a(clock_control_nrf.c.obj)
 .text.blocking_start_callback
                0x000000000000cca4        0x6 zephyr/drivers/clock_control/libdrivers__clock_control.a(clock_control_nrf.c.obj)
 .text.gpio_nrfx_port_get_raw
                0x000000000000ccaa        0xe zephyr/drivers/gpio/libdrivers__gpio.a(gpio_nrfx.c.obj)
 .text.gpio_nrfx_port_set_masked_raw
                0x000000000000ccb8       0x18 zephyr/drivers/gpio/libdrivers__gpio.a(gpio_nrfx.c.obj)
 .text.gpio_nrfx_port_set_bits_raw
                0x000000000000ccd0        0xc zephyr/drivers/gpio/libdrivers__gpio.a(gpio_nrfx.c.obj)
 .text.gpio_nrfx_port_clear_bits_raw
                0x000000000000ccdc        0xc zephyr/drivers/gpio/libdrivers__gpio.a(gpio_nrfx.c.obj)
 .text.gpio_nrfx_port_toggle_bits
                0x000000000000cce8       0x1a zephyr/drivers/gpio/libdrivers__gpio.a(gpio_nrfx.c.obj)
 .text.gpio_nrfx_manage_callback
                0x000000000000cd02       0x52 zephyr/drivers/gpio/libdrivers__gpio.a(gpio_nrfx.c.obj)
 .text.pinctrl_lookup_state
                0x000000000000cd54       0x26 zephyr/drivers/pinctrl/libdrivers__pinctrl.a(common.c.obj)
                0x000000000000cd54                pinctrl_lookup_state
 .text.irq_connect3
                0x000000000000cd7a        0xa zephyr/drivers/spi/libdrivers__spi.a(spi_nrfx_spim.c.obj)
 .text.spi_context_get_next_buf.constprop.0
                0x000000000000cd84       0x26 zephyr/drivers/spi/libdrivers__spi.a(spi_nrfx_spim.c.obj)
 .text.z_log_msg_runtime_create.constprop.0
                0x000000000000cdaa       0x1e zephyr/drivers/spi/libdrivers__spi.a(spi_nrfx_spim.c.obj)
 .text.pinctrl_apply_state.constprop.0
                0x000000000000cdc8       0x20 zephyr/drivers/spi/libdrivers__spi.a(spi_nrfx_spim.c.obj)
 .text.gpio_pin_set_dt.isra.0
                0x000000000000cde8       0x28 zephyr/drivers/spi/libdrivers__spi.a(spi_nrfx_spim.c.obj)
 .text._spi_context_cs_control
                0x000000000000ce10       0x40 zephyr/drivers/spi/libdrivers__spi.a(spi_nrfx_spim.c.obj)
 .text.spi_context_unlock_unconditionally
                0x000000000000ce50       0x20 zephyr/drivers/spi/libdrivers__spi.a(spi_nrfx_spim.c.obj)
 .text.spi_nrfx_release
                0x000000000000ce70       0x24 zephyr/drivers/spi/libdrivers__spi.a(spi_nrfx_spim.c.obj)
 .text.finish_transaction
                0x000000000000ce94       0x22 zephyr/drivers/spi/libdrivers__spi.a(spi_nrfx_spim.c.obj)
 .text.spi_nrfx_wake_request
                0x000000000000ceb6       0x50 zephyr/drivers/spi/libdrivers__spi.a(spi_nrfx_common.c.obj)
                0x000000000000ceb6                spi_nrfx_wake_request
 .text.event_clear
                0x000000000000cf06       0x18 zephyr/drivers/timer/libdrivers__timer.a(nrf_rtc_timer.c.obj)
 .text.sys_clock_cycle_get_32
                0x000000000000cf1e        0x8 zephyr/drivers/timer/libdrivers__timer.a(nrf_rtc_timer.c.obj)
                0x000000000000cf1e                sys_clock_cycle_get_32
 .text.nrfx_isr
                0x000000000000cf26        0x2 modules/hal_nordic/nrfx/libmodules__hal_nordic__nrfx.a(nrfx_glue.c.obj)
                0x000000000000cf26                nrfx_isr
 .text.nrfx_busy_wait
                0x000000000000cf28        0x4 modules/hal_nordic/nrfx/libmodules__hal_nordic__nrfx.a(nrfx_glue.c.obj)
                0x000000000000cf28                nrfx_busy_wait
 .text.clock_stop
                0x000000000000cf2c       0xb0 modules/hal_nordic/nrfx/libmodules__hal_nordic__nrfx.a(nrfx_clock.c.obj)
 .text.nrfx_clock_stop
                0x000000000000cfdc        0x4 modules/hal_nordic/nrfx/libmodules__hal_nordic__nrfx.a(nrfx_clock.c.obj)
                0x000000000000cfdc                nrfx_clock_stop
 .text.nrf_gpio_reconfigure
                0x000000000000cfe0       0x92 modules/hal_nordic/nrfx/libmodules__hal_nordic__nrfx.a(nrfx_gpiote.c.obj)
 .text.nrf_gpio_cfg_sense_set
                0x000000000000d072       0x1e modules/hal_nordic/nrfx/libmodules__hal_nordic__nrfx.a(nrfx_gpiote.c.obj)
 .text.pin_in_event_get.isra.0
                0x000000000000d090       0x22 modules/hal_nordic/nrfx/libmodules__hal_nordic__nrfx.a(nrfx_gpiote.c.obj)
 .text.pin_trigger_disable
                0x000000000000d0b2       0x48 modules/hal_nordic/nrfx/libmodules__hal_nordic__nrfx.a(nrfx_gpiote.c.obj)
 .text.nrfx_gpiote_pin_uninit
                0x000000000000d0fa        0x4 modules/hal_nordic/nrfx/libmodules__hal_nordic__nrfx.a(nrfx_gpiote.c.obj)
                0x000000000000d0fa                nrfx_gpiote_pin_uninit
 .text.nrfx_gpiote_trigger_disable
                0x000000000000d0fe        0x4 modules/hal_nordic/nrfx/libmodules__hal_nordic__nrfx.a(nrfx_gpiote.c.obj)
                0x000000000000d0fe                nrfx_gpiote_trigger_disable
 .text.nrfx_gpiote_in_event_get
                0x000000000000d102        0x6 modules/hal_nordic/nrfx/libmodules__hal_nordic__nrfx.a(nrfx_gpiote.c.obj)
                0x000000000000d102                nrfx_gpiote_in_event_get
 .text.__nrfy_internal_spim_event_handle
                0x000000000000d108       0x2a modules/hal_nordic/nrfx/libmodules__hal_nordic__nrfx.a(nrfx_spim.c.obj)
 .text.__nrfy_internal_spim_events_process
                0x000000000000d132       0x7c modules/hal_nordic/nrfx/libmodules__hal_nordic__nrfx.a(nrfx_spim.c.obj)
 .text.nrf_gpio_pin_set
                0x000000000000d1ae       0x1a modules/hal_nordic/nrfx/libmodules__hal_nordic__nrfx.a(nrfx_spim.c.obj)
 .text.nrf_gpio_pin_clear
                0x000000000000d1c8       0x1a modules/hal_nordic/nrfx/libmodules__hal_nordic__nrfx.a(nrfx_spim.c.obj)
 .text.spim_abort
                0x000000000000d1e2       0x2c modules/hal_nordic/nrfx/libmodules__hal_nordic__nrfx.a(nrfx_spim.c.obj)
 .text._GetAvailWriteSpace
                0x000000000000d20e       0x12 modules/segger/libmodules__segger.a(SEGGER_RTT.c.obj)
 .text._WriteNoCheck
                0x000000000000d220       0x36 modules/segger/libmodules__segger.a(SEGGER_RTT.c.obj)
 .text._WriteBlocking
                0x000000000000d256       0x54 modules/segger/libmodules__segger.a(SEGGER_RTT.c.obj)
 .text.rtt_init
                0x000000000000d2aa        0xa modules/segger/libmodules__segger.a(SEGGER_RTT_zephyr.c.obj)
 .text.zephyr_rtt_irq_lock
                0x000000000000d2b4       0x10 modules/segger/libmodules__segger.a(SEGGER_RTT_zephyr.c.obj)
                0x000000000000d2b4                zephyr_rtt_irq_lock
 .text.zephyr_rtt_irq_unlock
                0x000000000000d2c4        0xa modules/segger/libmodules__segger.a(SEGGER_RTT_zephyr.c.obj)
                0x000000000000d2c4                zephyr_rtt_irq_unlock
 .text.z_impl_k_busy_wait
                0x000000000000d2ce        0x8 zephyr/kernel/libkernel.a(busy_wait.c.obj)
                0x000000000000d2ce                z_impl_k_busy_wait
 .text.z_device_state_init
                0x000000000000d2d6        0x2 zephyr/kernel/libkernel.a(device.c.obj)
                0x000000000000d2d6                z_device_state_init
 .text.z_impl_device_is_ready
                0x000000000000d2d8       0x16 zephyr/kernel/libkernel.a(device.c.obj)
                0x000000000000d2d8                z_impl_device_is_ready
 .text.z_log_msg_runtime_create.constprop.0
                0x000000000000d2ee       0x20 zephyr/kernel/libkernel.a(fatal.c.obj)
 .text.arch_system_halt
                0x000000000000d30e       0x10 zephyr/kernel/libkernel.a(fatal.c.obj)
                0x000000000000d30e                arch_system_halt
 .text.do_device_init
                0x000000000000d31e       0x2e zephyr/kernel/libkernel.a(init.c.obj)
 .text.z_early_memset
                0x000000000000d34c        0x4 zephyr/kernel/libkernel.a(init.c.obj)
                0x000000000000d34c                z_early_memset
 .text.z_early_memcpy
                0x000000000000d350        0x4 zephyr/kernel/libkernel.a(init.c.obj)
                0x000000000000d350                z_early_memcpy
 .text.idle     0x000000000000d354       0x16 zephyr/kernel/libkernel.a(idle.c.obj)
                0x000000000000d354                idle
 .text.k_is_in_isr
                0x000000000000d36a        0xc zephyr/kernel/libkernel.a(thread.c.obj)
                0x000000000000d36a                k_is_in_isr
 .text.k_thread_name_get
                0x000000000000d376        0x4 zephyr/kernel/libkernel.a(thread.c.obj)
                0x000000000000d376                k_thread_name_get
 .text.sys_dlist_remove
                0x000000000000d37a       0x10 zephyr/kernel/libkernel.a(sched.c.obj)
 .text.unpend_thread_no_timeout
                0x000000000000d38a       0x14 zephyr/kernel/libkernel.a(sched.c.obj)
 .text.add_to_waitq_locked
                0x000000000000d39e       0x50 zephyr/kernel/libkernel.a(sched.c.obj)
 .text.z_ready_thread
                0x000000000000d3ee       0x1e zephyr/kernel/libkernel.a(sched.c.obj)
                0x000000000000d3ee                z_ready_thread
 .text.z_sched_wake_thread
                0x000000000000d40c       0x3a zephyr/kernel/libkernel.a(sched.c.obj)
                0x000000000000d40c                z_sched_wake_thread
 .text.z_thread_timeout
                0x000000000000d446        0x8 zephyr/kernel/libkernel.a(sched.c.obj)
                0x000000000000d446                z_thread_timeout
 .text.z_impl_k_sleep
                0x000000000000d44e       0x4e zephyr/kernel/libkernel.a(sched.c.obj)
                0x000000000000d44e                z_impl_k_sleep
 .text.next_timeout
                0x000000000000d49c       0x2e zephyr/kernel/libkernel.a(timeout.c.obj)
 .text.z_abort_timeout
                0x000000000000d4ca       0x50 zephyr/kernel/libkernel.a(timeout.c.obj)
                0x000000000000d4ca                z_abort_timeout
 .text.sys_clock_tick_get_32
                0x000000000000d51a        0x8 zephyr/kernel/libkernel.a(timeout.c.obj)
                0x000000000000d51a                sys_clock_tick_get_32
 .text.memcpy   0x000000000000d522       0x1c /home/alberto/zephyr-sdk-0.17.0/arm-zephyr-eabi/bin/../lib/gcc/../../picolibc/arm-zephyr-eabi/lib/thumb/v7e-m/nofp/libc.a(memcpy.c.o)
                0x000000000000d522                memcpy
                0x000000000000d522                __aeabi_memcpy
                0x000000000000d522                __aeabi_memcpy4
                0x000000000000d522                __aeabi_memcpy8
 .text.memset   0x000000000000d53e       0x10 /home/alberto/zephyr-sdk-0.17.0/arm-zephyr-eabi/bin/../lib/gcc/../../picolibc/arm-zephyr-eabi/lib/thumb/v7e-m/nofp/libc.a(memset.c.o)
                0x000000000000d53e                memset
 .text.strnlen  0x000000000000d54e       0x18 /home/alberto/zephyr-sdk-0.17.0/arm-zephyr-eabi/bin/../lib/gcc/../../picolibc/arm-zephyr-eabi/lib/thumb/v7e-m/nofp/libc.a(libc_string_strnlen.c.o)
                0x000000000000d54e                strnlen
 .text.__ultoa_invert
                0x000000000000d566       0xae /home/alberto/zephyr-sdk-0.17.0/arm-zephyr-eabi/bin/../lib/gcc/../../picolibc/arm-zephyr-eabi/lib/thumb/v7e-m/nofp/libc.a(libc_tinystdio_vflprintf.c.o)
 *(SORT_BY_ALIGNMENT(.TEXT.*))
 .TEXT.__aeabi_read_tp
                0x000000000000d614        0xc zephyr/arch/arch/arm/core/cortex_m/libarch__arm__core__cortex_m.a(__aeabi_read_tp.S.obj)
                0x000000000000d614                __aeabi_read_tp
 *(SORT_BY_ALIGNMENT(.gnu.linkonce.t.*))
 *(SORT_BY_ALIGNMENT(.glue_7t))
 .glue_7t       0x000000000000d620        0x0 linker stubs
 *(SORT_BY_ALIGNMENT(.glue_7))
 .glue_7        0x000000000000d620        0x0 linker stubs
 *(SORT_BY_ALIGNMENT(.vfp11_veneer))
 .vfp11_veneer  0x000000000000d620        0x0 linker stubs
 *(SORT_BY_ALIGNMENT(.v4_bx))
 .v4_bx         0x000000000000d620        0x0 linker stubs
                0x000000000000d620                . = ALIGN (0x4)
                0x000000000000d620                __text_region_end = .

.ARM.exidx      0x000000000000d620        0x8
                0x000000000000d620                __exidx_start = .
 *(SORT_BY_ALIGNMENT(.ARM.exidx*) SORT_BY_ALIGNMENT(gnu.linkonce.armexidx.*))
 .ARM.exidx     0x000000000000d620        0x8 /home/alberto/zephyr-sdk-0.17.0/arm-zephyr-eabi/bin/../lib/gcc/../../picolibc/arm-zephyr-eabi/lib/thumb/v7e-m/nofp/libc.a(strlen.S.o)
 .ARM.exidx     0x000000000000d628        0x0 /home/alberto/zephyr-sdk-0.17.0/arm-zephyr-eabi/bin/../lib/gcc/arm-zephyr-eabi/12.2.0/thumb/v7e-m/nofp/libgcc.a(_udivmoddi4.o)
                                          0x8 (size before relaxing)
                0x000000000000d628                __exidx_end = .
                0x000000000000d628                __rodata_region_start = .

initlevel       0x000000000000d628       0x60
                0x000000000000d628                __init_start = .
                0x000000000000d628                __init_EARLY_start = .
 *(SORT_BY_NAME(SORT_BY_ALIGNMENT(.z_init_EARLY_P_?_*)))
 *(SORT_BY_NAME(SORT_BY_ALIGNMENT(.z_init_EARLY_P_??_*)))
 *(SORT_BY_NAME(SORT_BY_ALIGNMENT(.z_init_EARLY_P_???_*)))
                0x000000000000d628                __init_PRE_KERNEL_1_start = .
 *(SORT_BY_NAME(SORT_BY_ALIGNMENT(.z_init_PRE_KERNEL_1_P_?_*)))
 .z_init_PRE_KERNEL_1_P_0_SUB_0_
                0x000000000000d628        0x8 zephyr/soc/soc/nrf52833/libsoc__nordic.a(soc.c.obj)
 *(SORT_BY_NAME(SORT_BY_ALIGNMENT(.z_init_PRE_KERNEL_1_P_??_*)))
 .z_init_PRE_KERNEL_1_P_30_SUB_00036_
                0x000000000000d630        0x8 zephyr/drivers/clock_control/libdrivers__clock_control.a(clock_control_nrf.c.obj)
 .z_init_PRE_KERNEL_1_P_30_SUB_0_
                0x000000000000d638        0x8 modules/segger/libmodules__segger.a(SEGGER_RTT_zephyr.c.obj)
 .z_init_PRE_KERNEL_1_P_40_SUB_00009_
                0x000000000000d640        0x8 zephyr/drivers/gpio/libdrivers__gpio.a(gpio_nrfx.c.obj)
 .z_init_PRE_KERNEL_1_P_40_SUB_00065_
                0x000000000000d648        0x8 zephyr/drivers/gpio/libdrivers__gpio.a(gpio_nrfx.c.obj)
 .z_init_PRE_KERNEL_1_P_50_SUB_00073_
                0x000000000000d650        0x8 zephyr/drivers/serial/libdrivers__serial.a(uart_nrfx_uart.c.obj)
 .z_init_PRE_KERNEL_1_P_60_SUB_0_
                0x000000000000d658        0x8 zephyr/drivers/console/libdrivers__console.a(rtt_console.c.obj)
 .z_init_PRE_KERNEL_1_P_60_SUB_0_
                0x000000000000d660        0x8 zephyr/drivers/console/libdrivers__console.a(uart_console.c.obj)
 *(SORT_BY_NAME(SORT_BY_ALIGNMENT(.z_init_PRE_KERNEL_1_P_???_*)))
                0x000000000000d668                __init_PRE_KERNEL_2_start = .
 *(SORT_BY_NAME(SORT_BY_ALIGNMENT(.z_init_PRE_KERNEL_2_P_?_*)))
 .z_init_PRE_KERNEL_2_P_0_SUB_0_
                0x000000000000d668        0x8 zephyr/drivers/timer/libdrivers__timer.a(nrf_rtc_timer.c.obj)
 *(SORT_BY_NAME(SORT_BY_ALIGNMENT(.z_init_PRE_KERNEL_2_P_??_*)))
 *(SORT_BY_NAME(SORT_BY_ALIGNMENT(.z_init_PRE_KERNEL_2_P_???_*)))
                0x000000000000d670                __init_POST_KERNEL_start = .
 *(SORT_BY_NAME(SORT_BY_ALIGNMENT(.z_init_POST_KERNEL_P_?_*)))
 .z_init_POST_KERNEL_P_0_SUB_0_
                0x000000000000d670        0x8 zephyr/libzephyr.a(log_core.c.obj)
 *(SORT_BY_NAME(SORT_BY_ALIGNMENT(.z_init_POST_KERNEL_P_??_*)))
 .z_init_POST_KERNEL_P_35_SUB_0_
                0x000000000000d678        0x8 zephyr/lib/libc/common/liblib__libc__common.a(malloc.c.obj)
 .z_init_POST_KERNEL_P_50_SUB_00066_
                0x000000000000d680        0x8 zephyr/drivers/spi/libdrivers__spi.a(spi_nrfx_spim.c.obj)
 *(SORT_BY_NAME(SORT_BY_ALIGNMENT(.z_init_POST_KERNEL_P_???_*)))
                0x000000000000d688                __init_APPLICATION_start = .
 *(SORT_BY_NAME(SORT_BY_ALIGNMENT(.z_init_APPLICATION_P_?_*)))
 *(SORT_BY_NAME(SORT_BY_ALIGNMENT(.z_init_APPLICATION_P_??_*)))
 *(SORT_BY_NAME(SORT_BY_ALIGNMENT(.z_init_APPLICATION_P_???_*)))
                0x000000000000d688                __init_SMP_start = .
 *(SORT_BY_NAME(SORT_BY_ALIGNMENT(.z_init_SMP_P_?_*)))
 *(SORT_BY_NAME(SORT_BY_ALIGNMENT(.z_init_SMP_P_??_*)))
 *(SORT_BY_NAME(SORT_BY_ALIGNMENT(.z_init_SMP_P_???_*)))
                0x000000000000d688                __init_end = .

device_area     0x000000000000d688       0xa0
                0x000000000000d688                _device_list_start = .
 *(SORT_BY_NAME(SORT_BY_ALIGNMENT(._device.static.*_?_*)))
 *(SORT_BY_NAME(SORT_BY_ALIGNMENT(._device.static.*_??_*)))
 ._device.static.1_30_
                0x000000000000d688       0x20 zephyr/drivers/clock_control/libdrivers__clock_control.a(clock_control_nrf.c.obj)
                0x000000000000d688                __device_dts_ord_36
 ._device.static.1_40_
                0x000000000000d6a8       0x40 zephyr/drivers/gpio/libdrivers__gpio.a(gpio_nrfx.c.obj)
                0x000000000000d6a8                __device_dts_ord_65
                0x000000000000d6c8                __device_dts_ord_9
 ._device.static.1_50_
                0x000000000000d6e8       0x20 zephyr/drivers/serial/libdrivers__serial.a(uart_nrfx_uart.c.obj)
                0x000000000000d6e8                __device_dts_ord_73
 ._device.static.3_50_
                0x000000000000d708       0x20 zephyr/drivers/spi/libdrivers__spi.a(spi_nrfx_spim.c.obj)
                0x000000000000d708                __device_dts_ord_66
 *(SORT_BY_NAME(SORT_BY_ALIGNMENT(._device.static.*_???_*)))
 *(SORT_BY_NAME(SORT_BY_ALIGNMENT(._device.static.*_????_*)))
 *(SORT_BY_NAME(SORT_BY_ALIGNMENT(._device.static.*_?????_*)))
                0x000000000000d728                _device_list_end = .

sw_isr_table    0x000000000000d728      0x180
                0x000000000000d728                . = ALIGN (0x4)
 *(SORT_BY_ALIGNMENT(.gnu.linkonce.sw_isr_table*))
 .gnu.linkonce.sw_isr_table
                0x000000000000d728      0x180 zephyr/CMakeFiles/zephyr_final.dir/isr_tables.c.obj
                0x000000000000d728                _sw_isr_table

initlevel_error
                0x000000000000d628        0x0
 *(SORT_BY_NAME(SORT_BY_ALIGNMENT(.z_init_*)))
                0x0000000000000001                ASSERT ((SIZEOF (initlevel_error) == 0x0), Undefined initialization levels used.)

app_shmem_regions
                0x000000000000d8a8        0x0
                0x000000000000d8a8                __app_shmem_regions_start = .
 *(SORT_BY_NAME(SORT_BY_ALIGNMENT(.app_regions.*)))
                0x000000000000d8a8                __app_shmem_regions_end = .

k_p4wq_initparam_area
                0x000000000000d8a8        0x0
                0x000000000000d8a8                _k_p4wq_initparam_list_start = .
 *(SORT_BY_NAME(SORT_BY_ALIGNMENT(._k_p4wq_initparam.static.*)))
                0x000000000000d8a8                _k_p4wq_initparam_list_end = .

_static_thread_data_area
                0x000000000000d8a8        0x0
                0x000000000000d8a8                __static_thread_data_list_start = .
 *(SORT_BY_NAME(SORT_BY_ALIGNMENT(.__static_thread_data.static.*)))
                0x000000000000d8a8                __static_thread_data_list_end = .

device_deps     0x000000000000d8a8        0x0
                0x000000000000d8a8                __device_deps_start = .
 *(SORT_BY_NAME(SORT_BY_ALIGNMENT(.__device_deps_pass2*)))
                0x000000000000d8a8                __device_deps_end = .

gpio_driver_api_area
                0x000000000000d8a8       0x24
                0x000000000000d8a8                _gpio_driver_api_list_start = .
 *(SORT_BY_NAME(SORT_BY_ALIGNMENT(._gpio_driver_api.static.*)))
 ._gpio_driver_api.static.gpio_nrfx_drv_api_funcs_
                0x000000000000d8a8       0x24 zephyr/drivers/gpio/libdrivers__gpio.a(gpio_nrfx.c.obj)
                0x000000000000d8cc                _gpio_driver_api_list_end = .

spi_driver_api_area
                0x000000000000d8cc        0x8
                0x000000000000d8cc                _spi_driver_api_list_start = .
 *(SORT_BY_NAME(SORT_BY_ALIGNMENT(._spi_driver_api.static.*)))
 ._spi_driver_api.static.spi_nrfx_driver_api_
                0x000000000000d8cc        0x8 zephyr/drivers/spi/libdrivers__spi.a(spi_nrfx_spim.c.obj)
                0x000000000000d8d4                _spi_driver_api_list_end = .

shared_irq_driver_api_area
                0x000000000000d8d4        0x0
                0x000000000000d8d4                _shared_irq_driver_api_list_start = .
 *(SORT_BY_NAME(SORT_BY_ALIGNMENT(._shared_irq_driver_api.static.*)))
                0x000000000000d8d4                _shared_irq_driver_api_list_end = .

crypto_driver_api_area
                0x000000000000d8d4        0x0
                0x000000000000d8d4                _crypto_driver_api_list_start = .
 *(SORT_BY_NAME(SORT_BY_ALIGNMENT(._crypto_driver_api.static.*)))
                0x000000000000d8d4                _crypto_driver_api_list_end = .

adc_driver_api_area
                0x000000000000d8d4        0x0
                0x000000000000d8d4                _adc_driver_api_list_start = .
 *(SORT_BY_NAME(SORT_BY_ALIGNMENT(._adc_driver_api.static.*)))
                0x000000000000d8d4                _adc_driver_api_list_end = .

auxdisplay_driver_api_area
                0x000000000000d8d4        0x0
                0x000000000000d8d4                _auxdisplay_driver_api_list_start = .
 *(SORT_BY_NAME(SORT_BY_ALIGNMENT(._auxdisplay_driver_api.static.*)))
                0x000000000000d8d4                _auxdisplay_driver_api_list_end = .

bbram_driver_api_area
                0x000000000000d8d4        0x0
                0x000000000000d8d4                _bbram_driver_api_list_start = .
 *(SORT_BY_NAME(SORT_BY_ALIGNMENT(._bbram_driver_api.static.*)))
                0x000000000000d8d4                _bbram_driver_api_list_end = .

bt_hci_driver_api_area
                0x000000000000d8d4        0x0
                0x000000000000d8d4                _bt_hci_driver_api_list_start = .
 *(SORT_BY_NAME(SORT_BY_ALIGNMENT(._bt_hci_driver_api.static.*)))
                0x000000000000d8d4                _bt_hci_driver_api_list_end = .

can_driver_api_area
                0x000000000000d8d4        0x0
                0x000000000000d8d4                _can_driver_api_list_start = .
 *(SORT_BY_NAME(SORT_BY_ALIGNMENT(._can_driver_api.static.*)))
                0x000000000000d8d4                _can_driver_api_list_end = .

cellular_driver_api_area
                0x000000000000d8d4        0x0
                0x000000000000d8d4                _cellular_driver_api_list_start = .
 *(SORT_BY_NAME(SORT_BY_ALIGNMENT(._cellular_driver_api.static.*)))
                0x000000000000d8d4                _cellular_driver_api_list_end = .

charger_driver_api_area
                0x000000000000d8d4        0x0
                0x000000000000d8d4                _charger_driver_api_list_start = .
 *(SORT_BY_NAME(SORT_BY_ALIGNMENT(._charger_driver_api.static.*)))
                0x000000000000d8d4                _charger_driver_api_list_end = .

clock_control_driver_api_area
                0x000000000000d8d4       0x1c
                0x000000000000d8d4                _clock_control_driver_api_list_start = .